 ver_601_sfun

 Timestamp is 5ff2f5e7 (Mon Jan  4 14:03:03 2021)

 Preferred load address is 0000000180000000

 Start         Length     Name                   Class
 0001:00000000 0009cdb0H .text$mn                CODE
 0001:0009cdb0 000000d2H .text$mn$00             CODE
 0001:0009ce82 00000084H .text$x                 CODE
 0002:00000000 00000590H .idata$5                DATA
 0002:00000590 00000020H .00cfg                  DATA
 0002:000005b0 00000008H .CRT$XCA                DATA
 0002:000005b8 00000008H .CRT$XCZ                DATA
 0002:000005c0 00000008H .CRT$XIA                DATA
 0002:000005c8 00000008H .CRT$XIZ                DATA
 0002:000005d0 00000008H .CRT$XPA                DATA
 0002:000005d8 00000008H .CRT$XPZ                DATA
 0002:000005e0 00000008H .CRT$XTA                DATA
 0002:000005e8 00000008H .CRT$XTZ                DATA
 0002:000005f0 00000000H .gfids$y                DATA
 0002:000005f0 00000220H .rdata                  DATA
 0002:00000810 00000218H .rdata$zzzdbg           DATA
 0002:00000a28 00000008H .rtc$IAA                DATA
 0002:00000a30 00000008H .rtc$IZZ                DATA
 0002:00000a38 00000008H .rtc$TAA                DATA
 0002:00000a40 00000008H .rtc$TZZ                DATA
 0002:00000a48 00000ce8H .xdata                  DATA
 0002:00001730 00000078H .edata                  DATA
 0002:000017a8 000000f0H .idata$2                DATA
 0002:00001898 00000018H .idata$3                DATA
 0002:000018b0 00000590H .idata$4                DATA
 0002:00001e40 00001130H .idata$6                DATA
 0003:00000000 00014900H .data                   DATA
 0003:00014900 00000638H .bss                    DATA
 0004:00000000 00000ef4H .pdata                  DATA

  Address         Publics by Value              Rva+Base               Lib:Object

 0000:00000000       ___safe_se_handler_count   0000000000000000     <absolute>
 0000:00000000       __guard_fids_table         0000000000000000     <absolute>
 0000:00000000       __hybrid_code_map_count    0000000000000000     <absolute>
 0000:00000000       ___safe_se_handler_table   0000000000000000     <absolute>
 0000:00000000       __dynamic_value_reloc_table 0000000000000000     <absolute>
 0000:00000000       __guard_iat_table          0000000000000000     <absolute>
 0000:00000000       __guard_iat_count          0000000000000000     <absolute>
 0000:00000000       __enclave_config           0000000000000000     <absolute>
 0000:00000000       __guard_longjmp_count      0000000000000000     <absolute>
 0000:00000000       __guard_fids_count         0000000000000000     <absolute>
 0000:00000000       __guard_longjmp_table      0000000000000000     <absolute>
 0000:00000000       __hybrid_code_map          0000000000000000     <absolute>
 0000:00000000       __hybrid_auxiliary_iat     0000000000000000     <absolute>
 0000:00000100       __guard_flags              0000000000000100     <absolute>
 0000:00000000       __ImageBase                0000000180000000     <linker-defined>
 0001:00000000       ver_601_initializer        0000000180001000 f   ver_601_sfun.obj
 0001:00000010       ver_601_terminator         0000000180001010 f   ver_601_sfun.obj
 0001:00000020       load_ver_601_optimization_info 0000000180001020 f   ver_601_sfun.obj
 0001:000000d0       unload_ver_601_optimization_info 00000001800010d0 f   ver_601_sfun.obj
 0001:00000100       sf_ver_601_method_dispatcher 0000000180001100 f   ver_601_sfun.obj
 0001:00000150       sf_ver_601_process_testpoint_info_call 0000000180001150 f   ver_601_sfun.obj
 0001:00000340       sf_ver_601_process_check_sum_call 0000000180001340 f   ver_601_sfun.obj
 0001:00000830       sf_ver_601_autoinheritance_info 0000000180001830 f   ver_601_sfun.obj
 0001:00000a10       sf_ver_601_get_eml_resolved_functions_info 0000000180001a10 f   ver_601_sfun.obj
 0001:00000bf0       sf_ver_601_third_party_uses_info 0000000180001bf0 f   ver_601_sfun.obj
 0001:00000dc0       sf_ver_601_jit_fallback_info 0000000180001dc0 f   ver_601_sfun.obj
 0001:00000f90       sf_ver_601_updateBuildInfo_args_info 0000000180001f90 f   ver_601_sfun.obj
 0001:00001160       ver_601_debug_initialize   0000000180002160 f   ver_601_sfun.obj
 0001:000011e0       ver_601_register_exported_symbols 00000001800021e0 f   ver_601_sfun.obj
 0001:000011f0       sf_c3_ver_601_get_eml_resolved_functions_info 00000001800021f0 f   c3_ver_601.obj
 0001:00001270       sf_c3_ver_601_get_check_sum 0000000180002270 f   c3_ver_601.obj
 0001:00001340       c3_ver_601_method_dispatcher 0000000180002340 f   c3_ver_601.obj
 0001:00087490       sf_c3_ver_601_get_post_codegen_info 0000000180088490 f   c3_ver_601.obj
 0001:00087560       sf_c3_ver_601_get_autoinheritance_info 0000000180088560 f   c3_ver_601.obj
 0001:00090a20       sf_c3_ver_601_third_party_uses_info 0000000180091a20 f   c3_ver_601.obj
 0001:00090a50       sf_c3_ver_601_jit_fallback_info 0000000180091a50 f   c3_ver_601.obj
 0001:00090be0       sf_c3_ver_601_updateBuildInfo_args_info 0000000180091be0 f   c3_ver_601.obj
 0001:00091240       sf_c3_ver_601_get_testpoint_info 0000000180092240 f   c3_ver_601.obj
 0001:00092090       mexFunction                0000000180093090 f   ver_601_sfun_registry.obj
 0001:00094650       _ssSetInputPortDirectFeedThroughFcn 0000000180095650 f   ver_601_sfun_registry.obj
 0001:000947c0       _ssSetRWorkValueFcn        00000001800957c0 f   ver_601_sfun_registry.obj
 0001:00094840       _ssGetRWorkValueFcn        0000000180095840 f   ver_601_sfun_registry.obj
 0001:000948b0       _ssSetIWorkValueFcn        00000001800958b0 f   ver_601_sfun_registry.obj
 0001:00094930       _ssGetIWorkValueFcn        0000000180095930 f   ver_601_sfun_registry.obj
 0001:000949a0       _ssSetPWorkValueFcn        00000001800959a0 f   ver_601_sfun_registry.obj
 0001:00094a20       _ssGetPWorkValueFcn        0000000180095a20 f   ver_601_sfun_registry.obj
 0001:00094a90       _ssGetInputPortSignalFcn   0000000180095a90 f   ver_601_sfun_registry.obj
 0001:00094e20       _ssGetInputPortBufferDstPortFcn 0000000180095e20 f   ver_601_sfun_registry.obj
 0001:00094ea0       _ssGetInputPortSignalPtrsFcn 0000000180095ea0 f   ver_601_sfun_registry.obj
 0001:00095230       ssGetParameterTuningCompliance 0000000180096230 f   ver_601_sfun_registry.obj
 0001:000952a0       ssGetDTypeIdFromMxArray    00000001800962a0 f   ver_601_sfun_registry.obj
 0001:000953c0       ssWriteRTWMx2dMatParam     00000001800963c0 f   ver_601_sfun_registry.obj
 0001:00095450       ssWriteRTWMxVectParam      0000000180096450 f   ver_601_sfun_registry.obj
 0001:000954d0       ssWriteRTWParameters       00000001800964d0 f   ver_601_sfun_registry.obj
 0001:00095a90       ssWriteRTWParamSettings    0000000180096a90 f   ver_601_sfun_registry.obj
 0001:00096180       ssWriteRTWStr              0000000180097180 f   ver_601_sfun_registry.obj
 0001:000961e0       ssWriteRTWWorkVect         00000001800971e0 f   ver_601_sfun_registry.obj
 0001:00096740       ssWarning                  0000000180097740 f   ver_601_sfun_registry.obj
 0001:00096830       ssWriteRTWNameValuePair    0000000180097830 f   ver_601_sfun_registry.obj
 0001:00096d30       _ssSetInputPortMatrixDimensions 0000000180097d30 f   ver_601_sfun_registry.obj
 0001:00096e50       _ssSetOutputPortMatrixDimensions 0000000180097e50 f   ver_601_sfun_registry.obj
 0001:00096f70       _ssSetInputPortVectorDimension 0000000180097f70 f   ver_601_sfun_registry.obj
 0001:00097020       _ssSetOutputPortVectorDimension 0000000180098020 f   ver_601_sfun_registry.obj
 0001:000970d0       ssIsRunTimeParamTunable    00000001800980d0 f   ver_601_sfun_registry.obj
 0001:00097140       ssGetSFuncBlockHandle      0000000180098140 f   ver_601_sfun_registry.obj
 0001:000971b0       _ssGetCurrentInputPortWidth 00000001800981b0 f   ver_601_sfun_registry.obj
 0001:000972d0       _ssGetCurrentOutputPortWidth 00000001800982d0 f   ver_601_sfun_registry.obj
 0001:000973f0       _ssGetCallSystemNumFcnCallDestinations 00000001800983f0 f   ver_601_sfun_registry.obj
 0001:00097460       ssGetIsZeroCrossControlDisabled 0000000180098460 f   ver_601_sfun_registry.obj
 0001:000974d0       ssSetIsInputPortUsedForContZcSignal 00000001800984d0 f   ver_601_sfun_registry.obj
 0001:00097540       ssSetZcSignalIsZcElementDisc 0000000180098540 f   ver_601_sfun_registry.obj
 0001:000975f0       ssSetZcSignalName          00000001800985f0 f   ver_601_sfun_registry.obj
 0001:00097660       ssSetZcSignalWidth         0000000180098660 f   ver_601_sfun_registry.obj
 0001:000976d0       ssSetZcSignalZcEventType   00000001800986d0 f   ver_601_sfun_registry.obj
 0001:00097740       ssSetZcSignalType          0000000180098740 f   ver_601_sfun_registry.obj
 0001:000977b0       ssSetZcSignalZcTol         00000001800987b0 f   ver_601_sfun_registry.obj
 0001:00097820       ssSetZcSignalNeedsEventNotification 0000000180098820 f   ver_601_sfun_registry.obj
 0001:00097890       ssCreateAndAddZcSignalInfo 0000000180098890 f   ver_601_sfun_registry.obj
 0001:00097900       ssCloneAndAddZcSignalInfo  0000000180098900 f   ver_601_sfun_registry.obj
 0001:00097970       ssGetNumZcSignals          0000000180098970 f   ver_601_sfun_registry.obj
 0001:000979e0       ssGetZcSignalVector        00000001800989e0 f   ver_601_sfun_registry.obj
 0001:00097a50       ssGetZcSignalName          0000000180098a50 f   ver_601_sfun_registry.obj
 0001:00097ac0       ssGetZcSignalWidth         0000000180098ac0 f   ver_601_sfun_registry.obj
 0001:00097b30       ssGetZcSignalZcEventType   0000000180098b30 f   ver_601_sfun_registry.obj
 0001:00097ba0       ssGetZcSignalZcEvents      0000000180098ba0 f   ver_601_sfun_registry.obj
 0001:00097c10       ssGetZcSignalType          0000000180098c10 f   ver_601_sfun_registry.obj
 0001:00097c80       ssGetZcSignalZcTol         0000000180098c80 f   ver_601_sfun_registry.obj
 0001:00097d00       ssGetZcSignalNeedsEventNotification 0000000180098d00 f   ver_601_sfun_registry.obj
 0001:00097d70       ssGetZcSignalIsZcElementDisc 0000000180098d70 f   ver_601_sfun_registry.obj
 0001:00097e10       ssGetIsInputPortElementContinuous 0000000180098e10 f   ver_601_sfun_registry.obj
 0001:00097eb0       _ssGetAbsTol               0000000180098eb0 f   ver_601_sfun_registry.obj
 0001:00097f20       _ssSetStateAbsTol          0000000180098f20 f   ver_601_sfun_registry.obj
 0001:00098000       _ssSetInputPortReusableFcn 0000000180099000 f   ver_601_sfun_registry.obj
 0001:00098100       _ssSetOutputPortReusableFcn 0000000180099100 f   ver_601_sfun_registry.obj
 0001:00098200       _ssSetSymbolicDimsSupport  0000000180099200 f   ver_601_sfun_registry.obj
 0001:00098270       _ssRegisterSymbolicDimsExpr 0000000180099270 f   ver_601_sfun_registry.obj
 0001:000982f0       _ssRegisterSymbolicDims    00000001800992f0 f   ver_601_sfun_registry.obj
 0001:00098390       _ssRegisterSymbolicDimsString 0000000180099390 f   ver_601_sfun_registry.obj
 0001:00098410       _ssRegisterSymbolicDimsIntValue 0000000180099410 f   ver_601_sfun_registry.obj
 0001:00098480       _ssRegisterSymbolicDimsPlus 0000000180099480 f   ver_601_sfun_registry.obj
 0001:00098500       _ssRegisterSymbolicDimsMinus 0000000180099500 f   ver_601_sfun_registry.obj
 0001:00098580       _ssRegisterSymbolicDimsMultiply 0000000180099580 f   ver_601_sfun_registry.obj
 0001:00098600       _ssRegisterSymbolicDimsDivide 0000000180099600 f   ver_601_sfun_registry.obj
 0001:00098680       _ssGetNumSymbolicDims      0000000180099680 f   ver_601_sfun_registry.obj
 0001:000986f0       _ssGetSymbolicDim          00000001800996f0 f   ver_601_sfun_registry.obj
 0001:00098770       _ssSetInputPortSymbolicDimsId 0000000180099770 f   ver_601_sfun_registry.obj
 0001:000987e0       _ssGetCompInputPortSymbolicDimsId 00000001800997e0 f   ver_601_sfun_registry.obj
 0001:00098850       _ssSetCompInputPortSymbolicDimsId 0000000180099850 f   ver_601_sfun_registry.obj
 0001:000988c0       _ssSetOutputPortSymbolicDimsId 00000001800998c0 f   ver_601_sfun_registry.obj
 0001:00098930       _ssGetCompOutputPortSymbolicDimsId 0000000180099930 f   ver_601_sfun_registry.obj
 0001:000989a0       _ssSetCompOutputPortSymbolicDimsId 00000001800999a0 f   ver_601_sfun_registry.obj
 0001:00098a10       _ssSetCompDWorkSymbolicDimsId 0000000180099a10 f   ver_601_sfun_registry.obj
 0001:00098a80       sf_process_check_sum_call  0000000180099a80 f   ver_601_sfun_registry.obj
 0001:00098ad0       sf_process_testpoint_info_call 0000000180099ad0 f   ver_601_sfun_registry.obj
 0001:00098b20       sf_process_autoinheritance_call 0000000180099b20 f   ver_601_sfun_registry.obj
 0001:00098d50       sf_process_get_third_party_uses_info_call 0000000180099d50 f   ver_601_sfun_registry.obj
 0001:00098f80       sf_process_get_jit_fallback_info_call 0000000180099f80 f   ver_601_sfun_registry.obj
 0001:000991b0       sf_process_get_updateBuildInfo_args_info_call 000000018009a1b0 f   ver_601_sfun_registry.obj
 0001:000993e0       sf_process_get_eml_resolved_functions_info_call 000000018009a3e0 f   ver_601_sfun_registry.obj
 0001:00099610       sf_mex_unlock_call         000000018009a610 f   ver_601_sfun_registry.obj
 0001:000998d0       sf_machine_global_initializer_called 000000018009a8d0 f   ver_601_sfun_registry.obj
 0001:00099900       sf_machine_global_method_dispatcher 000000018009a900 f   ver_601_sfun_registry.obj
 0001:00099960       sf_machine_global_terminator 000000018009a960 f   ver_601_sfun_registry.obj
 0001:000999c0       sf_register_machine_exported_symbols 000000018009a9c0 f   ver_601_sfun_registry.obj
 0001:000999e0       callCustomFcn              000000018009a9e0 f   ver_601_sfun_registry.obj
 0001:000999f0       sf_machine_global_initializer 000000018009a9f0 f   ver_601_sfun_registry.obj
 0001:00099a70       mdlGetSimState             000000018009aa70 f   ver_601_sfun_registry.obj
 0001:00099ab0       mdlSetSimState             000000018009aab0 f   ver_601_sfun_registry.obj
 0001:0009a320       ProcessMexSfunctionEveryCall 000000018009b320 f   ver_601_sfun_registry.obj
 0001:0009b430       __local_stdio_printf_options 000000018009c430 f i ver_601_sfun_registry.obj
 0001:0009b440       _vsnprintf_l               000000018009c440 f i ver_601_sfun_registry.obj
 0001:0009b4c0       _vsprintf_l                000000018009c4c0 f i ver_601_sfun_registry.obj
 0001:0009b510       sprintf                    000000018009c510 f i ver_601_sfun_registry.obj
 0001:0009b560       mexfilerequiredapiversion  000000018009c560 f   c_mexapi_version.obj
 0001:0009b581       sf_load_rtw_optimization_info 000000018009c581 f   sf_runtime:sf_runtime.dll
 0001:0009b587       sf_debug_initialize_machine 000000018009c587 f   sf_runtime:sf_runtime.dll
 0001:0009b58d       sf_debug_set_machine_event_thresholds 000000018009c58d f   sf_runtime:sf_runtime.dll
 0001:0009b593       sf_debug_set_machine_data_thresholds 000000018009c593 f   sf_runtime:sf_runtime.dll
 0001:0009b599       sf_init_ChartRunTimeInfo   000000018009c599 f   sf_runtime:sf_runtime.dll
 0001:0009b59f       sf_free_ChartRunTimeInfo   000000018009c59f f   sf_runtime:sf_runtime.dll
 0001:0009b5a5       sfrtGetEmlrtCtx            000000018009c5a5 f   sf_runtime:sf_runtime.dll
 0001:0009b5ab       sf_get_chart_instance_ptr  000000018009c5ab f   sf_runtime:sf_runtime.dll
 0001:0009b5b1       sf_rtw_info_uint_prop      000000018009c5b1 f   sf_runtime:sf_runtime.dll
 0001:0009b5b7       sf_update_buildInfo        000000018009c5b7 f   sf_runtime:sf_runtime.dll
 0001:0009b5bd       sf_is_chart_inlinable      000000018009c5bd f   sf_runtime:sf_runtime.dll
 0001:0009b5c3       sf_mark_chart_reusable_outputs 000000018009c5c3 f   sf_runtime:sf_runtime.dll
 0001:0009b5c9       sf_mark_chart_expressionable_inputs 000000018009c5c9 f   sf_runtime:sf_runtime.dll
 0001:0009b5cf       sim_mode_is_rtw_gen        000000018009c5cf f   sf_runtime:sf_runtime.dll
 0001:0009b5d5       sim_mode_is_external       000000018009c5d5 f   sf_runtime:sf_runtime.dll
 0001:0009b5db       sim_mode_is_modelref_sim   000000018009c5db f   sf_runtime:sf_runtime.dll
 0001:0009b5e1       sf_clear_rtw_identifier    000000018009c5e1 f   sf_runtime:sf_runtime.dll
 0001:0009b5e7       sf_set_rtw_dwork_info      000000018009c5e7 f   sf_runtime:sf_runtime.dll
 0001:0009b5ed       sf_get_dwork_info_from_mat_file 000000018009c5ed f   sf_runtime:sf_runtime.dll
 0001:0009b5f3       sf_set_encoded_dwork_info  000000018009c5f3 f   sf_runtime:sf_runtime.dll
 0001:0009b5f9       sf_get_output_port_reusable 000000018009c5f9 f   sf_runtime:sf_runtime.dll
 0001:0009b5ff       sf_get_time                000000018009c5ff f   sf_runtime:sf_runtime.dll
 0001:0009b605       sf_get_start_time          000000018009c605 f   sf_runtime:sf_runtime.dll
 0001:0009b60b       sf_is_first_init_cond      000000018009c60b f   sf_runtime:sf_runtime.dll
 0001:0009b611       setLegacyDebuggerFlagForRuntime 000000018009c611 f   sf_runtime:sf_runtime.dll
 0001:0009b617       sf_set_chart_accesses_machine_info 000000018009c617 f   sf_runtime:sf_runtime.dll
 0001:0009b61d       sf_register_codegen_names_for_scoped_functions_defined_by_chart 000000018009c61d f   sf_runtime:sf_runtime.dll
 0001:0009b623       ssSetBlockIsPurelyCombinatorial_wrapper 000000018009c623 f   sf_runtime:sf_runtime.dll
 0001:0009b629       sf_mex_call_debug          000000018009c629 f   sf_runtime:sf_runtime.dll
 0001:0009b62f       sf_mex_error_message       000000018009c62f f   sf_runtime:sf_runtime.dll
 0001:0009b635       sf_mex_create              000000018009c635 f   sf_runtime:sf_runtime.dll
 0001:0009b63b       sf_mex_createcellmatrix    000000018009c63b f   sf_runtime:sf_runtime.dll
 0001:0009b641       sf_mex_setcell             000000018009c641 f   sf_runtime:sf_runtime.dll
 0001:0009b647       sf_mex_getcell             000000018009c647 f   sf_runtime:sf_runtime.dll
 0001:0009b64d       sf_mex_assign              000000018009c64d f   sf_runtime:sf_runtime.dll
 0001:0009b653       sf_mex_dup                 000000018009c653 f   sf_runtime:sf_runtime.dll
 0001:0009b659       sf_mex_destroy             000000018009c659 f   sf_runtime:sf_runtime.dll
 0001:0009b65f       sf_mex_import              000000018009c65f f   sf_runtime:sf_runtime.dll
 0001:0009b665       sf_mex_sub                 000000018009c665 f   sf_runtime:sf_runtime.dll
 0001:0009b66b       sf_mex_decode_encoded_mx_struct_array 000000018009c66b f   sf_runtime:sf_runtime.dll
 0001:0009b671       sf_mex_duplicatearraysafe  000000018009c671 f   sf_runtime:sf_runtime.dll
 0001:0009b677       ssGetDWork_wrapper         000000018009c677 f   sf_runtime:sf_runtime.dll
 0001:0009b67d       ssGetInputPortSignal_wrapper 000000018009c67d f   sf_runtime:sf_runtime.dll
 0001:0009b683       ssGetInputPortSignalPtrs_wrapper 000000018009c683 f   sf_runtime:sf_runtime.dll
 0001:0009b689       ssGetOutputPortSignal_wrapper 000000018009c689 f   sf_runtime:sf_runtime.dll
 0001:0009b68f       sf_read_before_write_error 000000018009c68f f   sf_runtime:sf_runtime.dll
 0001:0009b695       sf_state_inconsistency_error 000000018009c695 f   sf_runtime:sf_runtime.dll
 0001:0009b69b       sf_debug_initialize_chart  000000018009c69b f   sf_runtime:sf_runtime.dll
 0001:0009b6a1       sf_debug_call              000000018009c6a1 f   sf_runtime:sf_runtime.dll
 0001:0009b6a7       eml_debug_line_call        000000018009c6a7 f   sf_runtime:sf_runtime.dll
 0001:0009b6ad       cv_eval_point              000000018009c6ad f   sf_runtime:sf_runtime.dll
 0001:0009b6b3       cv_eml_eval                000000018009c6b3 f   sf_runtime:sf_runtime.dll
 0001:0009b6b9       cv_eval_relational         000000018009c6b9 f   sf_runtime:sf_runtime.dll
 0001:0009b6bf       cv_eml_init_script         000000018009c6bf f   sf_runtime:sf_runtime.dll
 0001:0009b6c5       cv_eml_init_fcn            000000018009c6c5 f   sf_runtime:sf_runtime.dll
 0001:0009b6cb       cv_eml_init_if             000000018009c6cb f   sf_runtime:sf_runtime.dll
 0001:0009b6d1       cv_eml_init_mcdc           000000018009c6d1 f   sf_runtime:sf_runtime.dll
 0001:0009b6d7       cv_eml_init_relational     000000018009c6d7 f   sf_runtime:sf_runtime.dll
 0001:0009b6dd       sf_debug_reset_current_state_configuration 000000018009c6dd f   sf_runtime:sf_runtime.dll
 0001:0009b6e3       sf_debug_set_honor_breakpoints 000000018009c6e3 f   sf_runtime:sf_runtime.dll
 0001:0009b6e9       sf_debug_get_animation     000000018009c6e9 f   sf_runtime:sf_runtime.dll
 0001:0009b6ef       sf_debug_set_animation     000000018009c6ef f   sf_runtime:sf_runtime.dll
 0001:0009b6f5       sf_debug_animate           000000018009c6f5 f   sf_runtime:sf_runtime.dll
 0001:0009b6fb       sf_debug_set_chart_data_props 000000018009c6fb f   sf_runtime:sf_runtime.dll
 0001:0009b701       sf_debug_set_chart_data_compiled_props 000000018009c701 f   sf_runtime:sf_runtime.dll
 0001:0009b707       sf_debug_symbol_scope_push 000000018009c707 f   sf_runtime:sf_runtime.dll
 0001:0009b70d       sf_debug_symbol_scope_push_eml 000000018009c70d f   sf_runtime:sf_runtime.dll
 0001:0009b713       sf_debug_symbol_scope_pop  000000018009c713 f   sf_runtime:sf_runtime.dll
 0001:0009b719       sf_debug_symbol_scope_add_eml 000000018009c719 f   sf_runtime:sf_runtime.dll
 0001:0009b71f       sf_debug_symbol_scope_add_eml_importable 000000018009c71f f   sf_runtime:sf_runtime.dll
 0001:0009b725       sf_debug_set_chart_event_scope 000000018009c725 f   sf_runtime:sf_runtime.dll
 0001:0009b72b       sf_debug_set_instance_data_value_ptr 000000018009c72b f   sf_runtime:sf_runtime.dll
 0001:0009b731       sf_debug_set_chart_disable_implicit_casting 000000018009c731 f   sf_runtime:sf_runtime.dll
 0001:0009b737       sf_debug_set_chart_event_thresholds 000000018009c737 f   sf_runtime:sf_runtime.dll
 0001:0009b73d       sf_debug_set_chart_state_info 000000018009c73d f   sf_runtime:sf_runtime.dll
 0001:0009b743       sf_debug_set_chart_decomposition 000000018009c743 f   sf_runtime:sf_runtime.dll
 0001:0009b749       sf_debug_set_chart_substate_count 000000018009c749 f   sf_runtime:sf_runtime.dll
 0001:0009b74f       sf_debug_set_chart_substate_index 000000018009c74f f   sf_runtime:sf_runtime.dll
 0001:0009b755       sf_debug_set_chart_state_substate_count 000000018009c755 f   sf_runtime:sf_runtime.dll
 0001:0009b75b       sf_debug_set_chart_state_substate_index 000000018009c75b f   sf_runtime:sf_runtime.dll
 0001:0009b761       sf_debug_data_range_error_wrapper_min_max 000000018009c761 f   sf_runtime:sf_runtime.dll
 0001:0009b767       sf_debug_data_range_wrapper 000000018009c767 f   sf_runtime:sf_runtime.dll
 0001:0009b76d       sf_debug_cv_init_trans     000000018009c76d f   sf_runtime:sf_runtime.dll
 0001:0009b773       sf_debug_cv_init_chart     000000018009c773 f   sf_runtime:sf_runtime.dll
 0001:0009b779       sf_debug_cv_init_state     000000018009c779 f   sf_runtime:sf_runtime.dll
 0001:0009b77f       sf_debug_overflow_detection 000000018009c77f f   sf_runtime:sf_runtime.dll
 0001:0009b785       sf_get_ChartInfoStruct_CodeGen 000000018009c785 f   sf_runtime:sf_runtime.dll
 0001:0009b78b       sf_get_hasSeparateUpdateOutputs 000000018009c78b f   sf_runtime:sf_runtime.dll
 0001:0009b791       callMdlMethodAndReportError 000000018009c791 f   sf_runtime:sf_runtime.dll
 0001:0009b797       call_sf_machine_global_method_dispatcher 000000018009c797 f   sf_runtime:sf_runtime.dll
 0001:0009b79d       getRuntimeInstanceInfoAsVoid 000000018009c79d f   sf_runtime:sf_runtime.dll
 0001:0009b7a3       sf_mex_error_direct_call   000000018009c7a3 f   sf_runtime:sf_runtime.dll
 0001:0009b7a9       sf_clear_error_manager_info 000000018009c7a9 f   sf_runtime:sf_runtime.dll
 0001:0009b7af       sf_debug_create_debug_instance_struct 000000018009c7af f   sf_runtime:sf_runtime.dll
 0001:0009b7b5       sf_debug_terminate         000000018009c7b5 f   sf_runtime:sf_runtime.dll
 0001:0009b7bb       sf_debug_api               000000018009c7bb f   sf_runtime:sf_runtime.dll
 0001:0009b7c1       mxIsChar                   000000018009c7c1 f   libmx:libmx.dll
 0001:0009b7c7       mxGetScalar                000000018009c7c7 f   libmx:libmx.dll
 0001:0009b7cd       mxGetPr                    000000018009c7cd f   libmx:libmx.dll
 0001:0009b7d3       mxDestroyArray             000000018009c7d3 f   libmx:libmx.dll
 0001:0009b7d9       mxCreateDoubleMatrix_730   000000018009c7d9 f   libmx:libmx.dll
 0001:0009b7df       mxGetString_730            000000018009c7df f   libmx:libmx.dll
 0001:0009b7e5       mxDuplicateArray           000000018009c7e5 f   libmx:libmx.dll
 0001:0009b7eb       mxSetField_730             000000018009c7eb f   libmx:libmx.dll
 0001:0009b7f1       mxCreateDoubleScalar       000000018009c7f1 f   libmx:libmx.dll
 0001:0009b7f7       mxCreateString             000000018009c7f7 f   libmx:libmx.dll
 0001:0009b7fd       mxCreateCellMatrix_730     000000018009c7fd f   libmx:libmx.dll
 0001:0009b803       mxCreateCellArray_730      000000018009c803 f   libmx:libmx.dll
 0001:0009b809       mxCreateStructMatrix_730   000000018009c809 f   libmx:libmx.dll
 0001:0009b80f       mxCreateStructArray_730    000000018009c80f f   libmx:libmx.dll
 0001:0009b815       mxCalloc                   000000018009c815 f   libmx:libmx.dll
 0001:0009b81b       mxGetM                     000000018009c81b f   libmx:libmx.dll
 0001:0009b821       mxGetClassID               000000018009c821 f   libmx:libmx.dll
 0001:0009b827       mxIsNumeric                000000018009c827 f   libmx:libmx.dll
 0001:0009b82d       mxIsComplex                000000018009c82d f   libmx:libmx.dll
 0001:0009b833       mxGetN                     000000018009c833 f   libmx:libmx.dll
 0001:0009b839       mexMakeArrayPersistent     000000018009c839 f   libmex:libmex.dll
 0001:0009b83f       mexErrMsgTxt               000000018009c83f f   libmex:libmex.dll
 0001:0009b845       mexWarnMsgTxt              000000018009c845 f   libmex:libmex.dll
 0001:0009b84b       mexCallMATLABWithObject    000000018009c84b f   libmex:libmex.dll
 0001:0009b851       mexLock                    000000018009c851 f   libmex:libmex.dll
 0001:0009b857       mexUnlock                  000000018009c857 f   libmex:libmex.dll
 0001:0009b85d       mexIsLocked                000000018009c85d f   libmex:libmex.dll
 0001:0009b863       utMalloc                   000000018009c863 f   libut:libut.dll
 0001:0009b869       utFree                     000000018009c869 f   libut:libut.dll
 0001:0009b86f       muDoubleScalarCeil         000000018009c86f f   libmwmathutil:libmwmathutil.dll
 0001:0009b875       muDoubleScalarFloor        000000018009c875 f   libmwmathutil:libmwmathutil.dll
 0001:0009b87b       slcovUploadCoverageSynthesisById 000000018009c87b f   libmwsl_sfcn_cov_bridge:libmwsl_sfcn_cov_bridge.dll
 0001:0009b884       __raise_securityfailure    000000018009c884 f   MSVCRT:gs_report.obj
 0001:0009b8b8       __report_gsfailure         000000018009c8b8 f   MSVCRT:gs_report.obj
 0001:0009b98c       __report_rangecheckfailure 000000018009c98c f   MSVCRT:gs_report.obj
 0001:0009b9a0       __report_securityfailure   000000018009c9a0 f   MSVCRT:gs_report.obj
 0001:0009ba3c       __report_securityfailureEx 000000018009ca3c f   MSVCRT:gs_report.obj
 0001:0009bc30       __GSHandlerCheck           000000018009cc30 f   MSVCRT:_gshandler_.obj
 0001:0009bc50       __GSHandlerCheckCommon     000000018009cc50 f   MSVCRT:_gshandler_.obj
 0001:0009bcc0       __security_check_cookie    000000018009ccc0 f   MSVCRT:_amdsecgs_.obj
 0001:0009bd00       __chkstk                   000000018009cd00 f   MSVCRT:_chkstk_.obj
 0001:0009bd00       _alloca_probe              000000018009cd00 f   MSVCRT:_chkstk_.obj
 0001:0009c0ec       _CRT_INIT                  000000018009d0ec f   MSVCRT:dll_dllmain.obj
 0001:0009c0f4       _DllMainCRTStartup         000000018009d0f4 f   MSVCRT:dll_dllmain.obj
 0001:0009c1a0       __security_init_cookie     000000018009d1a0 f   MSVCRT:gs_support.obj
 0001:0009c250       DllMain                    000000018009d250 f   MSVCRT:dll_dllmain_stub.obj
 0001:0009c274       ?__scrt_initialize_type_info@@YAXXZ 000000018009d274 f   MSVCRT:tncleanup.obj
 0001:0009c284       ?__scrt_uninitialize_type_info@@YAXXZ 000000018009d284 f   MSVCRT:tncleanup.obj
 0001:0009c290       __local_stdio_scanf_options 000000018009d290 f i MSVCRT:default_local_stdio_options.obj
 0001:0009c298       __scrt_initialize_default_local_stdio_options 000000018009d298 f   MSVCRT:default_local_stdio_options.obj
 0001:0009c2b4       ??$__crt_fast_decode_pointer@PEAP6AXXZ@@YAPEAP6AXXZQEAP6AXXZ@Z 000000018009d2b4 f i MSVCRT:utility.obj
 0001:0009c2cc       ??$__crt_fast_encode_pointer@PEAP6AXXZ@@YAPEAP6AXXZQEAP6AXXZ@Z 000000018009d2cc f i MSVCRT:utility.obj
 0001:0009c2ec       ?__crt_rotate_pointer_value@@YA_K_KH@Z 000000018009d2ec f i MSVCRT:utility.obj
 0001:0009c2f8       ?configure_argv@__scrt_narrow_argv_policy@@SAHXZ 000000018009d2f8 f i MSVCRT:utility.obj
 0001:0009c358       ?initialize_environment@__scrt_narrow_environment_policy@@SAHXZ 000000018009d358 f i MSVCRT:utility.obj
 0001:0009c390       NtCurrentTeb               000000018009d390 f i MSVCRT:utility.obj
 0001:0009c39c       __scrt_acquire_startup_lock 000000018009d39c f   MSVCRT:utility.obj
 0001:0009c3d8       __scrt_dllmain_after_initialize_c 000000018009d3d8 f   MSVCRT:utility.obj
 0001:0009c40c       __scrt_dllmain_before_initialize_c 000000018009d40c f   MSVCRT:utility.obj
 0001:0009c424       __scrt_dllmain_crt_thread_attach 000000018009d424 f   MSVCRT:utility.obj
 0001:0009c44c       __scrt_dllmain_crt_thread_detach 000000018009d44c f   MSVCRT:utility.obj
 0001:0009c464       __scrt_dllmain_exception_filter 000000018009d464 f   MSVCRT:utility.obj
 0001:0009c4c8       __scrt_dllmain_uninitialize_c 000000018009d4c8 f   MSVCRT:utility.obj
 0001:0009c4f8       __scrt_dllmain_uninitialize_critical 000000018009d4f8 f   MSVCRT:utility.obj
 0001:0009c50c       __scrt_initialize_crt      000000018009d50c f   MSVCRT:utility.obj
 0001:0009c558       __scrt_initialize_onexit_tables 000000018009d558 f   MSVCRT:utility.obj
 0001:0009c638       __scrt_is_nonwritable_in_current_image 000000018009d638 f   MSVCRT:utility.obj
 0001:0009c6d4       __scrt_release_startup_lock 000000018009d6d4 f   MSVCRT:utility.obj
 0001:0009c6f8       __scrt_uninitialize_crt    000000018009d6f8 f   MSVCRT:utility.obj
 0001:0009c724       _onexit                    000000018009d724 f   MSVCRT:utility.obj
 0001:0009c774       at_quick_exit              000000018009d774 f   MSVCRT:utility.obj
 0001:0009c7ac       atexit                     000000018009d7ac f   MSVCRT:utility.obj
 0001:0009c7c4       __scrt_get_dyn_tls_init_callback 000000018009d7c4 f   MSVCRT:dyn_tls_init.obj
 0001:0009c7cc       __crt_debugger_hook        000000018009d7cc f   MSVCRT:utility_desktop.obj
 0001:0009c7d4       __scrt_fastfail            000000018009d7d4 f   MSVCRT:utility_desktop.obj
 0001:0009c920       __scrt_get_show_window_mode 000000018009d920 f   MSVCRT:utility_desktop.obj
 0001:0009c95c       __scrt_initialize_winrt    000000018009d95c f   MSVCRT:utility_desktop.obj
 0001:0009c960       __scrt_is_managed_app      000000018009d960 f   MSVCRT:utility_desktop.obj
 0001:0009c9b4       __scrt_set_unhandled_exception_filter 000000018009d9b4 f   MSVCRT:utility_desktop.obj
 0001:0009c9c4       __scrt_unhandled_exception_filter 000000018009d9c4 f   MSVCRT:utility_desktop.obj
 0001:0009c9fc       _RTC_Initialize            000000018009d9fc f   MSVCRT:_initsect_.obj
 0001:0009ca48       _RTC_Terminate             000000018009da48 f   MSVCRT:_initsect_.obj
 0001:0009ca94       _guard_check_icall         000000018009da94 f i MSVCRT:checkcfg.obj
 0001:0009ca9c       __isa_available_init       000000018009da9c f   MSVCRT:_cpu_disp_.obj
 0001:0009cc58       _get_startup_argv_mode     000000018009dc58 f   MSVCRT:argv_mode.obj
 0001:0009cc60       __scrt_is_ucrt_dll_in_use  000000018009dc60 f   MSVCRT:ucrt_detection.obj
 0001:0009cc6c       _guard_check_icall_nop     000000018009dc6c f i MSVCRT:guard_support.obj
 0001:0009cc70       ReadNoFence64              000000018009dc70 f i MSVCRT:guard_support.obj
 0001:0009cc74       ReadPointerNoFence         000000018009dc74 f i MSVCRT:guard_support.obj
 0001:0009cc78       __guard_ss_common_verify_stub 000000018009dc78 f i MSVCRT:guard_support.obj
 0001:0009cc7c       _guard_icall_checks_enforced 000000018009dc7c f i MSVCRT:guard_support.obj
 0001:0009cc94       _guard_rf_checks_enforced  000000018009dc94 f i MSVCRT:guard_support.obj
 0001:0009ccb0       RtlCaptureContext          000000018009dcb0 f   kernel32:KERNEL32.dll
 0001:0009ccb6       RtlLookupFunctionEntry     000000018009dcb6 f   kernel32:KERNEL32.dll
 0001:0009ccbc       RtlVirtualUnwind           000000018009dcbc f   kernel32:KERNEL32.dll
 0001:0009ccc2       UnhandledExceptionFilter   000000018009dcc2 f   kernel32:KERNEL32.dll
 0001:0009ccc8       SetUnhandledExceptionFilter 000000018009dcc8 f   kernel32:KERNEL32.dll
 0001:0009ccce       GetCurrentProcess          000000018009dcce f   kernel32:KERNEL32.dll
 0001:0009ccd4       TerminateProcess           000000018009dcd4 f   kernel32:KERNEL32.dll
 0001:0009ccda       IsProcessorFeaturePresent  000000018009dcda f   kernel32:KERNEL32.dll
 0001:0009cce0       QueryPerformanceCounter    000000018009dce0 f   kernel32:KERNEL32.dll
 0001:0009cce6       GetCurrentProcessId        000000018009dce6 f   kernel32:KERNEL32.dll
 0001:0009ccec       GetCurrentThreadId         000000018009dcec f   kernel32:KERNEL32.dll
 0001:0009ccf2       GetSystemTimeAsFileTime    000000018009dcf2 f   kernel32:KERNEL32.dll
 0001:0009ccf8       DisableThreadLibraryCalls  000000018009dcf8 f   kernel32:KERNEL32.dll
 0001:0009ccfe       InitializeSListHead        000000018009dcfe f   kernel32:KERNEL32.dll
 0001:0009cd04       IsDebuggerPresent          000000018009dd04 f   kernel32:KERNEL32.dll
 0001:0009cd0a       GetStartupInfoW            000000018009dd0a f   kernel32:KERNEL32.dll
 0001:0009cd10       GetModuleHandleW           000000018009dd10 f   kernel32:KERNEL32.dll
 0001:0009cd16       memset                     000000018009dd16 f   vcruntime:VCRUNTIME140.dll
 0001:0009cd1c       memcpy                     000000018009dd1c f   vcruntime:VCRUNTIME140.dll
 0001:0009cd22       __C_specific_handler       000000018009dd22 f   vcruntime:VCRUNTIME140.dll
 0001:0009cd28       __std_type_info_destroy_list 000000018009dd28 f   vcruntime:VCRUNTIME140.dll
 0001:0009cd2e       strcmp                     000000018009dd2e f   ucrt:api-ms-win-crt-string-l1-1-0.dll
 0001:0009cd34       __stdio_common_vsprintf    000000018009dd34 f   ucrt:api-ms-win-crt-stdio-l1-1-0.dll
 0001:0009cd3a       free                       000000018009dd3a f   ucrt:api-ms-win-crt-heap-l1-1-0.dll
 0001:0009cd40       malloc                     000000018009dd40 f   ucrt:api-ms-win-crt-heap-l1-1-0.dll
 0001:0009cd46       strlen                     000000018009dd46 f   ucrt:api-ms-win-crt-string-l1-1-0.dll
 0001:0009cd4c       _initterm                  000000018009dd4c f   ucrt:api-ms-win-crt-runtime-l1-1-0.dll
 0001:0009cd52       _initterm_e                000000018009dd52 f   ucrt:api-ms-win-crt-runtime-l1-1-0.dll
 0001:0009cd58       _seh_filter_dll            000000018009dd58 f   ucrt:api-ms-win-crt-runtime-l1-1-0.dll
 0001:0009cd5e       _configure_narrow_argv     000000018009dd5e f   ucrt:api-ms-win-crt-runtime-l1-1-0.dll
 0001:0009cd64       _initialize_narrow_environment 000000018009dd64 f   ucrt:api-ms-win-crt-runtime-l1-1-0.dll
 0001:0009cd6a       _initialize_onexit_table   000000018009dd6a f   ucrt:api-ms-win-crt-runtime-l1-1-0.dll
 0001:0009cd70       _register_onexit_function  000000018009dd70 f   ucrt:api-ms-win-crt-runtime-l1-1-0.dll
 0001:0009cd76       _execute_onexit_table      000000018009dd76 f   ucrt:api-ms-win-crt-runtime-l1-1-0.dll
 0001:0009cd7c       _crt_atexit                000000018009dd7c f   ucrt:api-ms-win-crt-runtime-l1-1-0.dll
 0001:0009cd82       _crt_at_quick_exit         000000018009dd82 f   ucrt:api-ms-win-crt-runtime-l1-1-0.dll
 0001:0009cd88       _cexit                     000000018009dd88 f   ucrt:api-ms-win-crt-runtime-l1-1-0.dll
 0001:0009cd8e       terminate                  000000018009dd8e f   ucrt:api-ms-win-crt-runtime-l1-1-0.dll
 0001:0009cd94       __scrt_stub_for_acrt_initialize 000000018009dd94 f   MSVCRT:ucrt_stubs.obj
 0001:0009cd94       __vcrt_initialize          000000018009dd94 f   MSVCRT:ucrt_stubs.obj
 0001:0009cd94       __acrt_initialize          000000018009dd94 f   MSVCRT:ucrt_stubs.obj
 0001:0009cd98       __scrt_stub_for_acrt_thread_attach 000000018009dd98 f   MSVCRT:ucrt_stubs.obj
 0001:0009cd98       __acrt_thread_attach       000000018009dd98 f   MSVCRT:ucrt_stubs.obj
 0001:0009cd98       __vcrt_thread_attach       000000018009dd98 f   MSVCRT:ucrt_stubs.obj
 0001:0009cd9c       __acrt_thread_detach       000000018009dd9c f   MSVCRT:ucrt_stubs.obj
 0001:0009cd9c       __scrt_stub_for_acrt_thread_detach 000000018009dd9c f   MSVCRT:ucrt_stubs.obj
 0001:0009cd9c       __vcrt_thread_detach       000000018009dd9c f   MSVCRT:ucrt_stubs.obj
 0001:0009cda0       __acrt_uninitialize        000000018009dda0 f   MSVCRT:ucrt_stubs.obj
 0001:0009cda0       __scrt_stub_for_acrt_uninitialize 000000018009dda0 f   MSVCRT:ucrt_stubs.obj
 0001:0009cda0       __vcrt_uninitialize        000000018009dda0 f   MSVCRT:ucrt_stubs.obj
 0001:0009cda4       __acrt_uninitialize_critical 000000018009dda4 f   MSVCRT:ucrt_stubs.obj
 0001:0009cda4       __scrt_stub_for_acrt_uninitialize_critical 000000018009dda4 f   MSVCRT:ucrt_stubs.obj
 0001:0009cda4       __vcrt_uninitialize_critical 000000018009dda4 f   MSVCRT:ucrt_stubs.obj
 0001:0009cda8       _is_c_termination_complete 000000018009dda8 f   MSVCRT:ucrt_stubs.obj
 0001:0009cda8       __scrt_stub_for_is_c_termination_complete 000000018009dda8 f   MSVCRT:ucrt_stubs.obj
 0001:0009cdc0       _guard_dispatch_icall_nop  000000018009ddc0 f   MSVCRT:_guard_dispatch_.obj
 0001:0009cde0       __guard_ss_verify_failure  000000018009dde0 f   MSVCRT:_rfgfailure_.obj
 0001:0009cdeb       __guard_ss_verify_failure_rcx 000000018009ddeb     MSVCRT:_rfgfailure_.obj
 0001:0009cdf1       __guard_ss_verify_failure_rdx 000000018009ddf1     MSVCRT:_rfgfailure_.obj
 0001:0009cdf7       __guard_ss_verify_failure_r8 000000018009ddf7     MSVCRT:_rfgfailure_.obj
 0001:0009cdfd       __guard_ss_verify_failure_r9 000000018009ddfd     MSVCRT:_rfgfailure_.obj
 0001:0009ce03       __guard_ss_verify_failure_r10 000000018009de03     MSVCRT:_rfgfailure_.obj
 0001:0009ce10       __guard_ss_verify_failure_default 000000018009de10 f   MSVCRT:_rfgfailure_.obj
 0001:0009ce70       __guard_ss_verify_sp       000000018009de70 f   MSVCRT:_rfgfailure_.obj
 0001:0009ce80       __guard_ss_verify_sp_default 000000018009de80 f   MSVCRT:_rfgfailure_.obj
 0002:00000000       __imp_InitializeSListHead  000000018009e000     kernel32:KERNEL32.dll
 0002:00000008       __imp_RtlCaptureContext    000000018009e008     kernel32:KERNEL32.dll
 0002:00000010       __imp_RtlLookupFunctionEntry 000000018009e010     kernel32:KERNEL32.dll
 0002:00000018       __imp_RtlVirtualUnwind     000000018009e018     kernel32:KERNEL32.dll
 0002:00000020       __imp_UnhandledExceptionFilter 000000018009e020     kernel32:KERNEL32.dll
 0002:00000028       __imp_SetUnhandledExceptionFilter 000000018009e028     kernel32:KERNEL32.dll
 0002:00000030       __imp_GetCurrentProcess    000000018009e030     kernel32:KERNEL32.dll
 0002:00000038       __imp_TerminateProcess     000000018009e038     kernel32:KERNEL32.dll
 0002:00000040       __imp_IsProcessorFeaturePresent 000000018009e040     kernel32:KERNEL32.dll
 0002:00000048       __imp_QueryPerformanceCounter 000000018009e048     kernel32:KERNEL32.dll
 0002:00000050       __imp_GetCurrentProcessId  000000018009e050     kernel32:KERNEL32.dll
 0002:00000058       __imp_GetCurrentThreadId   000000018009e058     kernel32:KERNEL32.dll
 0002:00000060       __imp_GetSystemTimeAsFileTime 000000018009e060     kernel32:KERNEL32.dll
 0002:00000068       __imp_GetModuleHandleW     000000018009e068     kernel32:KERNEL32.dll
 0002:00000070       __imp_IsDebuggerPresent    000000018009e070     kernel32:KERNEL32.dll
 0002:00000078       __imp_DisableThreadLibraryCalls 000000018009e078     kernel32:KERNEL32.dll
 0002:00000080       __imp_GetStartupInfoW      000000018009e080     kernel32:KERNEL32.dll
 0002:00000088       \177KERNEL32_NULL_THUNK_DATA 000000018009e088     kernel32:KERNEL32.dll
 0002:00000090       __imp_memcpy               000000018009e090     vcruntime:VCRUNTIME140.dll
 0002:00000098       __imp_memset               000000018009e098     vcruntime:VCRUNTIME140.dll
 0002:000000a0       __imp___C_specific_handler 000000018009e0a0     vcruntime:VCRUNTIME140.dll
 0002:000000a8       __imp___std_type_info_destroy_list 000000018009e0a8     vcruntime:VCRUNTIME140.dll
 0002:000000b0       \177VCRUNTIME140_NULL_THUNK_DATA 000000018009e0b0     vcruntime:VCRUNTIME140.dll
 0002:000000b8       __imp_free                 000000018009e0b8     ucrt:api-ms-win-crt-heap-l1-1-0.dll
 0002:000000c0       __imp_malloc               000000018009e0c0     ucrt:api-ms-win-crt-heap-l1-1-0.dll
 0002:000000c8       \177api-ms-win-crt-heap-l1-1-0_NULL_THUNK_DATA 000000018009e0c8     ucrt:api-ms-win-crt-heap-l1-1-0.dll
 0002:000000d0       __imp__register_onexit_function 000000018009e0d0     ucrt:api-ms-win-crt-runtime-l1-1-0.dll
 0002:000000d8       __imp__initterm            000000018009e0d8     ucrt:api-ms-win-crt-runtime-l1-1-0.dll
 0002:000000e0       __imp__initterm_e          000000018009e0e0     ucrt:api-ms-win-crt-runtime-l1-1-0.dll
 0002:000000e8       __imp__seh_filter_dll      000000018009e0e8     ucrt:api-ms-win-crt-runtime-l1-1-0.dll
 0002:000000f0       __imp__configure_narrow_argv 000000018009e0f0     ucrt:api-ms-win-crt-runtime-l1-1-0.dll
 0002:000000f8       __imp__initialize_narrow_environment 000000018009e0f8     ucrt:api-ms-win-crt-runtime-l1-1-0.dll
 0002:00000100       __imp__initialize_onexit_table 000000018009e100     ucrt:api-ms-win-crt-runtime-l1-1-0.dll
 0002:00000108       __imp__cexit               000000018009e108     ucrt:api-ms-win-crt-runtime-l1-1-0.dll
 0002:00000110       __imp__execute_onexit_table 000000018009e110     ucrt:api-ms-win-crt-runtime-l1-1-0.dll
 0002:00000118       __imp__crt_atexit          000000018009e118     ucrt:api-ms-win-crt-runtime-l1-1-0.dll
 0002:00000120       __imp__crt_at_quick_exit   000000018009e120     ucrt:api-ms-win-crt-runtime-l1-1-0.dll
 0002:00000128       __imp_terminate            000000018009e128     ucrt:api-ms-win-crt-runtime-l1-1-0.dll
 0002:00000130       \177api-ms-win-crt-runtime-l1-1-0_NULL_THUNK_DATA 000000018009e130     ucrt:api-ms-win-crt-runtime-l1-1-0.dll
 0002:00000138       __imp___stdio_common_vsprintf 000000018009e138     ucrt:api-ms-win-crt-stdio-l1-1-0.dll
 0002:00000140       \177api-ms-win-crt-stdio-l1-1-0_NULL_THUNK_DATA 000000018009e140     ucrt:api-ms-win-crt-stdio-l1-1-0.dll
 0002:00000148       __imp_strlen               000000018009e148     ucrt:api-ms-win-crt-string-l1-1-0.dll
 0002:00000150       __imp_strcmp               000000018009e150     ucrt:api-ms-win-crt-string-l1-1-0.dll
 0002:00000158       \177api-ms-win-crt-string-l1-1-0_NULL_THUNK_DATA 000000018009e158     ucrt:api-ms-win-crt-string-l1-1-0.dll
 0002:00000160       __imp_mexErrMsgTxt         000000018009e160     libmex:libmex.dll
 0002:00000168       __imp_mexWarnMsgTxt        000000018009e168     libmex:libmex.dll
 0002:00000170       __imp_mexCallMATLABWithObject 000000018009e170     libmex:libmex.dll
 0002:00000178       __imp_mexLock              000000018009e178     libmex:libmex.dll
 0002:00000180       __imp_mexUnlock            000000018009e180     libmex:libmex.dll
 0002:00000188       __imp_mexMakeArrayPersistent 000000018009e188     libmex:libmex.dll
 0002:00000190       __imp_mexIsLocked          000000018009e190     libmex:libmex.dll
 0002:00000198       \177libmex_NULL_THUNK_DATA 000000018009e198     libmex:libmex.dll
 0002:000001a0       __imp_muDoubleScalarFloor  000000018009e1a0     libmwmathutil:libmwmathutil.dll
 0002:000001a8       __imp_muDoubleScalarCeil   000000018009e1a8     libmwmathutil:libmwmathutil.dll
 0002:000001b0       \177libmwmathutil_NULL_THUNK_DATA 000000018009e1b0     libmwmathutil:libmwmathutil.dll
 0002:000001b8       __imp_slcovUploadCoverageSynthesisById 000000018009e1b8     libmwsl_sfcn_cov_bridge:libmwsl_sfcn_cov_bridge.dll
 0002:000001c0       \177libmwsl_sfcn_cov_bridge_NULL_THUNK_DATA 000000018009e1c0     libmwsl_sfcn_cov_bridge:libmwsl_sfcn_cov_bridge.dll
 0002:000001c8       __imp_mxGetN               000000018009e1c8     libmx:libmx.dll
 0002:000001d0       __imp_mxIsComplex          000000018009e1d0     libmx:libmx.dll
 0002:000001d8       __imp_mxIsNumeric          000000018009e1d8     libmx:libmx.dll
 0002:000001e0       __imp_mxGetClassID         000000018009e1e0     libmx:libmx.dll
 0002:000001e8       __imp_mxGetM               000000018009e1e8     libmx:libmx.dll
 0002:000001f0       __imp_mxCalloc             000000018009e1f0     libmx:libmx.dll
 0002:000001f8       __imp_mxCreateStructArray_730 000000018009e1f8     libmx:libmx.dll
 0002:00000200       __imp_mxCreateStructMatrix_730 000000018009e200     libmx:libmx.dll
 0002:00000208       __imp_mxCreateCellArray_730 000000018009e208     libmx:libmx.dll
 0002:00000210       __imp_mxCreateCellMatrix_730 000000018009e210     libmx:libmx.dll
 0002:00000218       __imp_mxCreateString       000000018009e218     libmx:libmx.dll
 0002:00000220       __imp_mxCreateDoubleScalar 000000018009e220     libmx:libmx.dll
 0002:00000228       __imp_mxSetField_730       000000018009e228     libmx:libmx.dll
 0002:00000230       __imp_mxDuplicateArray     000000018009e230     libmx:libmx.dll
 0002:00000238       __imp_mxGetString_730      000000018009e238     libmx:libmx.dll
 0002:00000240       __imp_mxCreateDoubleMatrix_730 000000018009e240     libmx:libmx.dll
 0002:00000248       __imp_mxDestroyArray       000000018009e248     libmx:libmx.dll
 0002:00000250       __imp_mxGetPr              000000018009e250     libmx:libmx.dll
 0002:00000258       __imp_mxGetScalar          000000018009e258     libmx:libmx.dll
 0002:00000260       __imp_mxIsChar             000000018009e260     libmx:libmx.dll
 0002:00000268       \177libmx_NULL_THUNK_DATA  000000018009e268     libmx:libmx.dll
 0002:00000270       __imp_utFree               000000018009e270     libut:libut.dll
 0002:00000278       __imp_utMalloc             000000018009e278     libut:libut.dll
 0002:00000280       \177libut_NULL_THUNK_DATA  000000018009e280     libut:libut.dll
 0002:00000288       __imp_sf_debug_data_range_wrapper 000000018009e288     sf_runtime:sf_runtime.dll
 0002:00000290       __imp_sf_debug_cv_init_trans 000000018009e290     sf_runtime:sf_runtime.dll
 0002:00000298       __imp_sf_debug_cv_init_chart 000000018009e298     sf_runtime:sf_runtime.dll
 0002:000002a0       __imp_sf_debug_cv_init_state 000000018009e2a0     sf_runtime:sf_runtime.dll
 0002:000002a8       __imp_sf_debug_overflow_detection 000000018009e2a8     sf_runtime:sf_runtime.dll
 0002:000002b0       __imp_sf_get_ChartInfoStruct_CodeGen 000000018009e2b0     sf_runtime:sf_runtime.dll
 0002:000002b8       __imp_sf_get_hasSeparateUpdateOutputs 000000018009e2b8     sf_runtime:sf_runtime.dll
 0002:000002c0       __imp_sf_mex_duplicatearraysafe 000000018009e2c0     sf_runtime:sf_runtime.dll
 0002:000002c8       __imp_call_sf_machine_global_method_dispatcher 000000018009e2c8     sf_runtime:sf_runtime.dll
 0002:000002d0       __imp_getRuntimeInstanceInfoAsVoid 000000018009e2d0     sf_runtime:sf_runtime.dll
 0002:000002d8       __imp_sf_mex_error_direct_call 000000018009e2d8     sf_runtime:sf_runtime.dll
 0002:000002e0       __imp_sf_clear_error_manager_info 000000018009e2e0     sf_runtime:sf_runtime.dll
 0002:000002e8       __imp_sf_debug_create_debug_instance_struct 000000018009e2e8     sf_runtime:sf_runtime.dll
 0002:000002f0       __imp_sf_debug_terminate   000000018009e2f0     sf_runtime:sf_runtime.dll
 0002:000002f8       __imp_sf_debug_api         000000018009e2f8     sf_runtime:sf_runtime.dll
 0002:00000300       __imp_sf_mex_decode_encoded_mx_struct_array 000000018009e300     sf_runtime:sf_runtime.dll
 0002:00000308       __imp_sf_debug_set_chart_substate_count 000000018009e308     sf_runtime:sf_runtime.dll
 0002:00000310       __imp_sf_debug_set_chart_decomposition 000000018009e310     sf_runtime:sf_runtime.dll
 0002:00000318       __imp_sf_debug_set_chart_state_info 000000018009e318     sf_runtime:sf_runtime.dll
 0002:00000320       __imp_sf_debug_set_chart_event_thresholds 000000018009e320     sf_runtime:sf_runtime.dll
 0002:00000328       __imp_sf_debug_set_chart_disable_implicit_casting 000000018009e328     sf_runtime:sf_runtime.dll
 0002:00000330       __imp_sf_debug_set_instance_data_value_ptr 000000018009e330     sf_runtime:sf_runtime.dll
 0002:00000338       __imp_sf_debug_data_range_error_wrapper_min_max 000000018009e338     sf_runtime:sf_runtime.dll
 0002:00000340       __imp_sf_debug_symbol_scope_add_eml_importable 000000018009e340     sf_runtime:sf_runtime.dll
 0002:00000348       __imp_sf_debug_symbol_scope_add_eml 000000018009e348     sf_runtime:sf_runtime.dll
 0002:00000350       __imp_sf_debug_symbol_scope_pop 000000018009e350     sf_runtime:sf_runtime.dll
 0002:00000358       __imp_sf_debug_symbol_scope_push_eml 000000018009e358     sf_runtime:sf_runtime.dll
 0002:00000360       __imp_sf_debug_symbol_scope_push 000000018009e360     sf_runtime:sf_runtime.dll
 0002:00000368       __imp_sf_debug_set_chart_data_compiled_props 000000018009e368     sf_runtime:sf_runtime.dll
 0002:00000370       __imp_sf_debug_set_chart_data_props 000000018009e370     sf_runtime:sf_runtime.dll
 0002:00000378       __imp_sf_debug_animate     000000018009e378     sf_runtime:sf_runtime.dll
 0002:00000380       __imp_sf_debug_set_animation 000000018009e380     sf_runtime:sf_runtime.dll
 0002:00000388       __imp_sf_debug_get_animation 000000018009e388     sf_runtime:sf_runtime.dll
 0002:00000390       __imp_sf_debug_set_honor_breakpoints 000000018009e390     sf_runtime:sf_runtime.dll
 0002:00000398       __imp_sf_debug_reset_current_state_configuration 000000018009e398     sf_runtime:sf_runtime.dll
 0002:000003a0       __imp_cv_eml_init_relational 000000018009e3a0     sf_runtime:sf_runtime.dll
 0002:000003a8       __imp_sf_debug_set_chart_state_substate_index 000000018009e3a8     sf_runtime:sf_runtime.dll
 0002:000003b0       __imp_cv_eml_init_mcdc     000000018009e3b0     sf_runtime:sf_runtime.dll
 0002:000003b8       __imp_cv_eml_init_if       000000018009e3b8     sf_runtime:sf_runtime.dll
 0002:000003c0       __imp_cv_eml_init_fcn      000000018009e3c0     sf_runtime:sf_runtime.dll
 0002:000003c8       __imp_cv_eml_init_script   000000018009e3c8     sf_runtime:sf_runtime.dll
 0002:000003d0       __imp_cv_eval_relational   000000018009e3d0     sf_runtime:sf_runtime.dll
 0002:000003d8       __imp_cv_eml_eval          000000018009e3d8     sf_runtime:sf_runtime.dll
 0002:000003e0       __imp_cv_eval_point        000000018009e3e0     sf_runtime:sf_runtime.dll
 0002:000003e8       __imp_eml_debug_line_call  000000018009e3e8     sf_runtime:sf_runtime.dll
 0002:000003f0       __imp_sf_debug_set_chart_substate_index 000000018009e3f0     sf_runtime:sf_runtime.dll
 0002:000003f8       __imp_sf_debug_set_chart_state_substate_count 000000018009e3f8     sf_runtime:sf_runtime.dll
 0002:00000400       __imp_sf_debug_set_chart_event_scope 000000018009e400     sf_runtime:sf_runtime.dll
 0002:00000408       __imp_sf_debug_call        000000018009e408     sf_runtime:sf_runtime.dll
 0002:00000410       __imp_sf_debug_initialize_chart 000000018009e410     sf_runtime:sf_runtime.dll
 0002:00000418       __imp_sf_state_inconsistency_error 000000018009e418     sf_runtime:sf_runtime.dll
 0002:00000420       __imp_sf_read_before_write_error 000000018009e420     sf_runtime:sf_runtime.dll
 0002:00000428       __imp_ssGetOutputPortSignal_wrapper 000000018009e428     sf_runtime:sf_runtime.dll
 0002:00000430       __imp_sf_mex_sub           000000018009e430     sf_runtime:sf_runtime.dll
 0002:00000438       __imp_sf_mex_import        000000018009e438     sf_runtime:sf_runtime.dll
 0002:00000440       __imp_sf_mex_destroy       000000018009e440     sf_runtime:sf_runtime.dll
 0002:00000448       __imp_sf_mex_dup           000000018009e448     sf_runtime:sf_runtime.dll
 0002:00000450       __imp_sf_mex_assign        000000018009e450     sf_runtime:sf_runtime.dll
 0002:00000458       __imp_sf_mex_getcell       000000018009e458     sf_runtime:sf_runtime.dll
 0002:00000460       __imp_sf_mex_setcell       000000018009e460     sf_runtime:sf_runtime.dll
 0002:00000468       __imp_sf_mex_createcellmatrix 000000018009e468     sf_runtime:sf_runtime.dll
 0002:00000470       __imp_sf_mex_create        000000018009e470     sf_runtime:sf_runtime.dll
 0002:00000478       __imp_sf_mex_error_message 000000018009e478     sf_runtime:sf_runtime.dll
 0002:00000480       __imp_sf_mex_call_debug    000000018009e480     sf_runtime:sf_runtime.dll
 0002:00000488       __imp_ssSetBlockIsPurelyCombinatorial_wrapper 000000018009e488     sf_runtime:sf_runtime.dll
 0002:00000490       __imp_sf_register_codegen_names_for_scoped_functions_defined_by_chart 000000018009e490     sf_runtime:sf_runtime.dll
 0002:00000498       __imp_sf_set_chart_accesses_machine_info 000000018009e498     sf_runtime:sf_runtime.dll
 0002:000004a0       __imp_setLegacyDebuggerFlagForRuntime 000000018009e4a0     sf_runtime:sf_runtime.dll
 0002:000004a8       __imp_sf_is_first_init_cond 000000018009e4a8     sf_runtime:sf_runtime.dll
 0002:000004b0       __imp_sf_get_start_time    000000018009e4b0     sf_runtime:sf_runtime.dll
 0002:000004b8       __imp_sf_get_time          000000018009e4b8     sf_runtime:sf_runtime.dll
 0002:000004c0       __imp_sf_get_output_port_reusable 000000018009e4c0     sf_runtime:sf_runtime.dll
 0002:000004c8       __imp_sf_set_encoded_dwork_info 000000018009e4c8     sf_runtime:sf_runtime.dll
 0002:000004d0       __imp_sf_get_dwork_info_from_mat_file 000000018009e4d0     sf_runtime:sf_runtime.dll
 0002:000004d8       __imp_sf_set_rtw_dwork_info 000000018009e4d8     sf_runtime:sf_runtime.dll
 0002:000004e0       __imp_sf_clear_rtw_identifier 000000018009e4e0     sf_runtime:sf_runtime.dll
 0002:000004e8       __imp_ssGetInputPortSignalPtrs_wrapper 000000018009e4e8     sf_runtime:sf_runtime.dll
 0002:000004f0       __imp_sim_mode_is_modelref_sim 000000018009e4f0     sf_runtime:sf_runtime.dll
 0002:000004f8       __imp_sim_mode_is_external 000000018009e4f8     sf_runtime:sf_runtime.dll
 0002:00000500       __imp_sim_mode_is_rtw_gen  000000018009e500     sf_runtime:sf_runtime.dll
 0002:00000508       __imp_ssGetInputPortSignal_wrapper 000000018009e508     sf_runtime:sf_runtime.dll
 0002:00000510       __imp_sf_mark_chart_expressionable_inputs 000000018009e510     sf_runtime:sf_runtime.dll
 0002:00000518       __imp_sf_mark_chart_reusable_outputs 000000018009e518     sf_runtime:sf_runtime.dll
 0002:00000520       __imp_sf_is_chart_inlinable 000000018009e520     sf_runtime:sf_runtime.dll
 0002:00000528       __imp_sf_update_buildInfo  000000018009e528     sf_runtime:sf_runtime.dll
 0002:00000530       __imp_sf_rtw_info_uint_prop 000000018009e530     sf_runtime:sf_runtime.dll
 0002:00000538       __imp_sf_get_chart_instance_ptr 000000018009e538     sf_runtime:sf_runtime.dll
 0002:00000540       __imp_sfrtGetEmlrtCtx      000000018009e540     sf_runtime:sf_runtime.dll
 0002:00000548       __imp_sf_free_ChartRunTimeInfo 000000018009e548     sf_runtime:sf_runtime.dll
 0002:00000550       __imp_sf_init_ChartRunTimeInfo 000000018009e550     sf_runtime:sf_runtime.dll
 0002:00000558       __imp_sf_debug_set_machine_data_thresholds 000000018009e558     sf_runtime:sf_runtime.dll
 0002:00000560       __imp_sf_debug_set_machine_event_thresholds 000000018009e560     sf_runtime:sf_runtime.dll
 0002:00000568       __imp_sf_debug_initialize_machine 000000018009e568     sf_runtime:sf_runtime.dll
 0002:00000570       __imp_ssGetDWork_wrapper   000000018009e570     sf_runtime:sf_runtime.dll
 0002:00000578       __imp_callMdlMethodAndReportError 000000018009e578     sf_runtime:sf_runtime.dll
 0002:00000580       __imp_sf_load_rtw_optimization_info 000000018009e580     sf_runtime:sf_runtime.dll
 0002:00000588       \177sf_runtime_NULL_THUNK_DATA 000000018009e588     sf_runtime:sf_runtime.dll
 0002:00000590       __guard_check_icall_fptr   000000018009e590     MSVCRT:guard_support.obj
 0002:00000598       __guard_dispatch_icall_fptr 000000018009e598     MSVCRT:guard_support.obj
 0002:000005a0       __guard_ss_verify_failure_fptr 000000018009e5a0     MSVCRT:guard_support.obj
 0002:000005a8       __guard_ss_verify_sp_fptr  000000018009e5a8     MSVCRT:guard_support.obj
 0002:000005b0       __xc_a                     000000018009e5b0     MSVCRT:initializers.obj
 0002:000005b8       __xc_z                     000000018009e5b8     MSVCRT:initializers.obj
 0002:000005c0       __xi_a                     000000018009e5c0     MSVCRT:initializers.obj
 0002:000005c8       __xi_z                     000000018009e5c8     MSVCRT:initializers.obj
 0002:000005d0       __xp_a                     000000018009e5d0     MSVCRT:initializers.obj
 0002:000005d8       __xp_z                     000000018009e5d8     MSVCRT:initializers.obj
 0002:000005e0       __xt_a                     000000018009e5e0     MSVCRT:initializers.obj
 0002:000005e8       __xt_z                     000000018009e5e8     MSVCRT:initializers.obj
 0002:000005f0       __real@41aa1580b2000000    000000018009e5f0     ver_601_sfun.obj
 0002:000005f8       __real@41bff450af000000    000000018009e5f8     ver_601_sfun.obj
 0002:00000600       __real@41c2708fe0800000    000000018009e600     ver_601_sfun.obj
 0002:00000608       __real@41da8bc960800000    000000018009e608     ver_601_sfun.obj
 0002:00000610       __real@41e21285e6a00000    000000018009e610     ver_601_sfun.obj
 0002:00000618       __real@41e2321afee00000    000000018009e618     ver_601_sfun.obj
 0002:00000620       __real@41e2d6e3c2c00000    000000018009e620     ver_601_sfun.obj
 0002:00000628       __real@41e3e864f8000000    000000018009e628     ver_601_sfun.obj
 0002:00000630       __real@41e6c53056800000    000000018009e630     ver_601_sfun.obj
 0002:00000638       __real@41e7f66c53400000    000000018009e638     ver_601_sfun.obj
 0002:00000640       __real@41ec35f48c400000    000000018009e640     ver_601_sfun.obj
 0002:00000648       __real@41edea6960a00000    000000018009e648     ver_601_sfun.obj
 0002:00000650       __real@0000000000000000    000000018009e650     c3_ver_601.obj
 0002:00000658       __real@3fb999999999999a    000000018009e658     c3_ver_601.obj
 0002:00000660       __real@3fe0000000000000    000000018009e660     c3_ver_601.obj
 0002:00000668       __real@3ff0000000000000    000000018009e668     c3_ver_601.obj
 0002:00000670       __real@4000000000000000    000000018009e670     c3_ver_601.obj
 0002:00000678       __real@4008000000000000    000000018009e678     c3_ver_601.obj
 0002:00000680       __real@4010000000000000    000000018009e680     c3_ver_601.obj
 0002:00000688       __real@4024000000000000    000000018009e688     c3_ver_601.obj
 0002:00000690       __real@41e20234aca00000    000000018009e690     c3_ver_601.obj
 0002:00000698       __real@41e27db810800000    000000018009e698     c3_ver_601.obj
 0002:000006a0       __real@41e79703b9400000    000000018009e6a0     c3_ver_601.obj
 0002:000006a8       __real@41eb841f87800000    000000018009e6a8     c3_ver_601.obj
 0002:000006b0       DYNAMIC_DIMENSION_DEF      000000018009e6b0     ver_601_sfun_registry.obj
 0002:000006c8       __real@41602cbca0000000    000000018009e6c8     ver_601_sfun_registry.obj
 0002:000006d0       __real@bff0000000000000    000000018009e6d0     ver_601_sfun_registry.obj
 0002:000006e8       _pRawDllMain               000000018009e6e8     MSVCRT:dll_dllmain.obj
 0002:000006e8       _pDefaultRawDllMain        000000018009e6e8     MSVCRT:dll_dllmain.obj
 0002:00000710       _load_config_used          000000018009e710     MSVCRT:loadcfg.obj
 0002:00000a28       __rtc_iaa                  000000018009ea28     MSVCRT:_initsect_.obj
 0002:00000a30       __rtc_izz                  000000018009ea30     MSVCRT:_initsect_.obj
 0002:00000a38       __rtc_taa                  000000018009ea38     MSVCRT:_initsect_.obj
 0002:00000a40       __rtc_tzz                  000000018009ea40     MSVCRT:_initsect_.obj
 0002:000017a8       __IMPORT_DESCRIPTOR_sf_runtime 000000018009f7a8     sf_runtime:sf_runtime.dll
 0002:000017bc       __IMPORT_DESCRIPTOR_libmx  000000018009f7bc     libmx:libmx.dll
 0002:000017d0       __IMPORT_DESCRIPTOR_libmex 000000018009f7d0     libmex:libmex.dll
 0002:000017e4       __IMPORT_DESCRIPTOR_libut  000000018009f7e4     libut:libut.dll
 0002:000017f8       __IMPORT_DESCRIPTOR_libmwmathutil 000000018009f7f8     libmwmathutil:libmwmathutil.dll
 0002:0000180c       __IMPORT_DESCRIPTOR_libmwsl_sfcn_cov_bridge 000000018009f80c     libmwsl_sfcn_cov_bridge:libmwsl_sfcn_cov_bridge.dll
 0002:00001820       __IMPORT_DESCRIPTOR_KERNEL32 000000018009f820     kernel32:KERNEL32.dll
 0002:00001834       __IMPORT_DESCRIPTOR_VCRUNTIME140 000000018009f834     vcruntime:VCRUNTIME140.dll
 0002:00001848       __IMPORT_DESCRIPTOR_api-ms-win-crt-string-l1-1-0 000000018009f848     ucrt:api-ms-win-crt-string-l1-1-0.dll
 0002:0000185c       __IMPORT_DESCRIPTOR_api-ms-win-crt-stdio-l1-1-0 000000018009f85c     ucrt:api-ms-win-crt-stdio-l1-1-0.dll
 0002:00001870       __IMPORT_DESCRIPTOR_api-ms-win-crt-heap-l1-1-0 000000018009f870     ucrt:api-ms-win-crt-heap-l1-1-0.dll
 0002:00001884       __IMPORT_DESCRIPTOR_api-ms-win-crt-runtime-l1-1-0 000000018009f884     ucrt:api-ms-win-crt-runtime-l1-1-0.dll
 0002:00001898       __NULL_IMPORT_DESCRIPTOR   000000018009f898     sf_runtime:sf_runtime.dll
 0003:00013cd8       DYNAMIC_DIMENSION          00000001800b4cd8     ver_601_sfun_registry.obj
 0003:000148b0       __security_cookie          00000001800b58b0     MSVCRT:gs_cookie.obj
 0003:000148b8       __security_cookie_complement 00000001800b58b8     MSVCRT:gs_cookie.obj
 0003:000148c0       _fltused                   00000001800b58c0     MSVCRT:fltused.obj
 0003:000148d0       __scrt_native_dllmain_reason 00000001800b58d0     MSVCRT:utility.obj
 0003:000148d8       __isa_available            00000001800b58d8     MSVCRT:_cpu_disp_.obj
 0003:000148dc       __isa_enabled              00000001800b58dc     MSVCRT:_cpu_disp_.obj
 0003:000148e0       __memcpy_nt_iters          00000001800b58e0     MSVCRT:_cpu_disp_.obj
 0003:000148f0       __scrt_ucrt_dll_is_in_use  00000001800b58f0     MSVCRT:ucrt_stubs.obj
 0003:00014928       sfGlobalDebugInstanceStruct 00000001800b5928     ver_601_sfun_registry.obj
 0003:00014eb0       ?__type_info_root_node@@3U__type_info_node@@A 00000001800b5eb0     MSVCRT:tncleanup.obj
 0003:00014ec0       ?_OptionsStorage@?1??__local_stdio_printf_options@@9@4_KA 00000001800b5ec0     MSVCRT:default_local_stdio_options.obj
 0003:00014ec8       ?_OptionsStorage@?1??__local_stdio_scanf_options@@9@4_KA 00000001800b5ec8     MSVCRT:default_local_stdio_options.obj
 0003:00014f04       __scrt_current_native_startup_state 00000001800b5f04     MSVCRT:utility.obj
 0003:00014f08       __scrt_native_startup_lock 00000001800b5f08     MSVCRT:utility.obj
 0003:00014f14       __scrt_debugger_hook_flag  00000001800b5f14     MSVCRT:utility_desktop.obj
 0003:00014f18       __favor                    00000001800b5f18     MSVCRT:_cpu_disp_.obj
 0003:00014f20       ?_OptionsStorage@?1??__local_stdio_printf_options@@9@9 00000001800b5f20     <common>
 0003:00014f28       _ver_601MachineNumber_     00000001800b5f28     <common>
 0003:00014f30       __dyn_tls_init_callback    00000001800b5f30     <common>

 entry point at        0001:0009c0f4

 Static symbols

 0000:00000000       .debug$S                   0000000180000000     sf_runtime:sf_runtime.dll
 0000:00000000       .debug$S                   0000000180000000     sf_runtime:sf_runtime.dll
 0000:00000000       .debug$S                   0000000180000000     sf_runtime:sf_runtime.dll
 0000:00000000       .debug$S                   0000000180000000     sf_runtime:sf_runtime.dll
 0000:00000000       .debug$S                   0000000180000000     sf_runtime:sf_runtime.dll
 0000:00000000       .debug$S                   0000000180000000     sf_runtime:sf_runtime.dll
 0000:00000000       .debug$S                   0000000180000000     ver_601_sfun.exp
 0000:00000000       .debug$S                   0000000180000000     sf_runtime:sf_runtime.dll
 0000:00000000       .debug$S                   0000000180000000     sf_runtime:sf_runtime.dll
 0000:00000000       .debug$S                   0000000180000000     sf_runtime:sf_runtime.dll
 0000:00000000       .debug$S                   0000000180000000     sf_runtime:sf_runtime.dll
 0000:00000000       .debug$S                   0000000180000000     sf_runtime:sf_runtime.dll
 0000:00000000       .debug$S                   0000000180000000     ucrt:api-ms-win-crt-runtime-l1-1-0.dll
 0000:00000000       .debug$S                   0000000180000000     ucrt:api-ms-win-crt-runtime-l1-1-0.dll
 0000:00000000       .debug$S                   0000000180000000     ucrt:api-ms-win-crt-runtime-l1-1-0.dll
 0000:00000000       .debug$S                   0000000180000000     ucrt:api-ms-win-crt-runtime-l1-1-0.dll
 0000:00000000       .debug$S                   0000000180000000     ucrt:api-ms-win-crt-runtime-l1-1-0.dll
 0000:00000000       .debug$S                   0000000180000000     ucrt:api-ms-win-crt-runtime-l1-1-0.dll
 0000:00000000       .debug$S                   0000000180000000     ucrt:api-ms-win-crt-runtime-l1-1-0.dll
 0000:00000000       .debug$S                   0000000180000000     ucrt:api-ms-win-crt-runtime-l1-1-0.dll
 0000:00000000       .debug$S                   0000000180000000     ucrt:api-ms-win-crt-runtime-l1-1-0.dll
 0000:00000000       .debug$S                   0000000180000000     ucrt:api-ms-win-crt-runtime-l1-1-0.dll
 0000:00000000       .debug$S                   0000000180000000     ucrt:api-ms-win-crt-runtime-l1-1-0.dll
 0000:00000000       .debug$S                   0000000180000000     ucrt:api-ms-win-crt-runtime-l1-1-0.dll
 0000:00000000       .debug$S                   0000000180000000     ucrt:api-ms-win-crt-string-l1-1-0.dll
 0000:00000000       .debug$S                   0000000180000000     ucrt:api-ms-win-crt-heap-l1-1-0.dll
 0000:00000000       .debug$S                   0000000180000000     ucrt:api-ms-win-crt-heap-l1-1-0.dll
 0000:00000000       .debug$S                   0000000180000000     ucrt:api-ms-win-crt-stdio-l1-1-0.dll
 0000:00000000       .debug$S                   0000000180000000     ucrt:api-ms-win-crt-string-l1-1-0.dll
 0000:00000000       .debug$S                   0000000180000000     sf_runtime:sf_runtime.dll
 0000:00000000       .debug$S                   0000000180000000     vcruntime:VCRUNTIME140.dll
 0000:00000000       .debug$S                   0000000180000000     vcruntime:VCRUNTIME140.dll
 0000:00000000       .debug$S                   0000000180000000     vcruntime:VCRUNTIME140.dll
 0000:00000000       .debug$S                   0000000180000000     vcruntime:VCRUNTIME140.dll
 0000:00000000       .debug$S                   0000000180000000     sf_runtime:sf_runtime.dll
 0000:00000000       .debug$S                   0000000180000000     kernel32:KERNEL32.dll
 0000:00000000       .debug$S                   0000000180000000     kernel32:KERNEL32.dll
 0000:00000000       .debug$S                   0000000180000000     kernel32:KERNEL32.dll
 0000:00000000       .debug$S                   0000000180000000     kernel32:KERNEL32.dll
 0000:00000000       .debug$S                   0000000180000000     kernel32:KERNEL32.dll
 0000:00000000       .debug$S                   0000000180000000     kernel32:KERNEL32.dll
 0000:00000000       .debug$S                   0000000180000000     kernel32:KERNEL32.dll
 0000:00000000       .debug$S                   0000000180000000     kernel32:KERNEL32.dll
 0000:00000000       .debug$S                   0000000180000000     kernel32:KERNEL32.dll
 0000:00000000       .debug$S                   0000000180000000     kernel32:KERNEL32.dll
 0000:00000000       .debug$S                   0000000180000000     kernel32:KERNEL32.dll
 0000:00000000       .debug$S                   0000000180000000     kernel32:KERNEL32.dll
 0000:00000000       .debug$S                   0000000180000000     kernel32:KERNEL32.dll
 0000:00000000       .debug$S                   0000000180000000     kernel32:KERNEL32.dll
 0000:00000000       .debug$S                   0000000180000000     kernel32:KERNEL32.dll
 0000:00000000       .debug$S                   0000000180000000     kernel32:KERNEL32.dll
 0000:00000000       .debug$S                   0000000180000000     kernel32:KERNEL32.dll
 0000:00000000       .debug$S                   0000000180000000     sf_runtime:sf_runtime.dll
 0000:00000000       .debug$S                   0000000180000000     sf_runtime:sf_runtime.dll
 0000:00000000       .debug$S                   0000000180000000     sf_runtime:sf_runtime.dll
 0000:00000000       .debug$S                   0000000180000000     sf_runtime:sf_runtime.dll
 0002:fff62000       __guard_fids__guard_icall_checks_enforced 0000000180000000     MSVCRT:guard_support.obj
 0002:fff62000       __guard_fids__             0000000180000000     MSVCRT:guard_support.obj
 0000:00000000       .debug$S                   0000000180000000     sf_runtime:sf_runtime.dll
 0000:00000000       .debug$S                   0000000180000000     sf_runtime:sf_runtime.dll
 0000:00000000       .debug$S                   0000000180000000     sf_runtime:sf_runtime.dll
 0000:00000000       .debug$S                   0000000180000000     sf_runtime:sf_runtime.dll
 0000:00000000       .debug$S                   0000000180000000     sf_runtime:sf_runtime.dll
 0000:00000000       .debug$S                   0000000180000000     sf_runtime:sf_runtime.dll
 0000:00000000       .debug$S                   0000000180000000     sf_runtime:sf_runtime.dll
 0000:00000000       .debug$S                   0000000180000000     sf_runtime:sf_runtime.dll
 0000:00000000       .debug$S                   0000000180000000     sf_runtime:sf_runtime.dll
 0000:00000000       .debug$S                   0000000180000000     sf_runtime:sf_runtime.dll
 0002:fff62000       __guard_fids___scrt_set_unhandled_exception_filter 0000000180000000     MSVCRT:utility_desktop.obj
 0000:00000000       .debug$S                   0000000180000000     sf_runtime:sf_runtime.dll
 0000:00000000       .debug$S                   0000000180000000     sf_runtime:sf_runtime.dll
 0000:00000000       .debug$S                   0000000180000000     sf_runtime:sf_runtime.dll
 0000:00000000       .debug$S                   0000000180000000     sf_runtime:sf_runtime.dll
 0000:00000000       .debug$S                   0000000180000000     sf_runtime:sf_runtime.dll
 0000:00000000       .debug$S                   0000000180000000     sf_runtime:sf_runtime.dll
 0000:00000000       .debug$S                   0000000180000000     sf_runtime:sf_runtime.dll
 0000:00000000       .debug$S                   0000000180000000     sf_runtime:sf_runtime.dll
 0000:00000000       .debug$S                   0000000180000000     sf_runtime:sf_runtime.dll
 0000:00000000       .debug$S                   0000000180000000     sf_runtime:sf_runtime.dll
 0000:00000000       .debug$S                   0000000180000000     sf_runtime:sf_runtime.dll
 0000:00000000       .debug$S                   0000000180000000     sf_runtime:sf_runtime.dll
 0000:00000000       .debug$S                   0000000180000000     sf_runtime:sf_runtime.dll
 0000:00000000       .debug$S                   0000000180000000     sf_runtime:sf_runtime.dll
 0000:00000000       .debug$S                   0000000180000000     sf_runtime:sf_runtime.dll
 0000:00000000       .debug$S                   0000000180000000     sf_runtime:sf_runtime.dll
 0000:00000000       .debug$S                   0000000180000000     sf_runtime:sf_runtime.dll
 0000:00000000       .debug$S                   0000000180000000     sf_runtime:sf_runtime.dll
 0000:00000000       .debug$S                   0000000180000000     sf_runtime:sf_runtime.dll
 0000:00000000       .debug$S                   0000000180000000     sf_runtime:sf_runtime.dll
 0000:00000000       .debug$S                   0000000180000000     sf_runtime:sf_runtime.dll
 0000:00000000       .debug$S                   0000000180000000     sf_runtime:sf_runtime.dll
 0000:00000000       .debug$S                   0000000180000000     sf_runtime:sf_runtime.dll
 0000:00000000       .debug$S                   0000000180000000     sf_runtime:sf_runtime.dll
 0000:00000000       .debug$S                   0000000180000000     sf_runtime:sf_runtime.dll
 0000:00000000       .debug$S                   0000000180000000     sf_runtime:sf_runtime.dll
 0000:00000000       .debug$S                   0000000180000000     sf_runtime:sf_runtime.dll
 0000:00000000       .debug$S                   0000000180000000     sf_runtime:sf_runtime.dll
 0000:00000000       .debug$S                   0000000180000000     sf_runtime:sf_runtime.dll
 0000:00000000       .debug$S                   0000000180000000     sf_runtime:sf_runtime.dll
 0000:00000000       .debug$S                   0000000180000000     sf_runtime:sf_runtime.dll
 0000:00000000       .debug$S                   0000000180000000     sf_runtime:sf_runtime.dll
 0000:00000000       .debug$S                   0000000180000000     sf_runtime:sf_runtime.dll
 0000:00000000       .debug$S                   0000000180000000     sf_runtime:sf_runtime.dll
 0000:00000000       .debug$S                   0000000180000000     sf_runtime:sf_runtime.dll
 0000:00000000       .debug$S                   0000000180000000     sf_runtime:sf_runtime.dll
 0000:00000000       .debug$S                   0000000180000000     sf_runtime:sf_runtime.dll
 0000:00000000       .debug$S                   0000000180000000     sf_runtime:sf_runtime.dll
 0000:00000000       .debug$S                   0000000180000000     sf_runtime:sf_runtime.dll
 0000:00000000       .debug$S                   0000000180000000     sf_runtime:sf_runtime.dll
 0000:00000000       .debug$S                   0000000180000000     sf_runtime:sf_runtime.dll
 0000:00000000       .debug$S                   0000000180000000     sf_runtime:sf_runtime.dll
 0000:00000000       .debug$S                   0000000180000000     sf_runtime:sf_runtime.dll
 0000:00000000       .debug$S                   0000000180000000     sf_runtime:sf_runtime.dll
 0000:00000000       .debug$S                   0000000180000000     sf_runtime:sf_runtime.dll
 0000:00000000       .debug$S                   0000000180000000     sf_runtime:sf_runtime.dll
 0000:00000000       .debug$S                   0000000180000000     sf_runtime:sf_runtime.dll
 0000:00000000       .debug$S                   0000000180000000     sf_runtime:sf_runtime.dll
 0000:00000000       .debug$S                   0000000180000000     sf_runtime:sf_runtime.dll
 0000:00000000       .debug$S                   0000000180000000     sf_runtime:sf_runtime.dll
 0000:00000000       .debug$S                   0000000180000000     sf_runtime:sf_runtime.dll
 0000:00000000       .debug$S                   0000000180000000     sf_runtime:sf_runtime.dll
 0000:00000000       .debug$S                   0000000180000000     sf_runtime:sf_runtime.dll
 0000:00000000       .debug$S                   0000000180000000     sf_runtime:sf_runtime.dll
 0000:00000000       .debug$S                   0000000180000000     sf_runtime:sf_runtime.dll
 0000:00000000       .debug$S                   0000000180000000     sf_runtime:sf_runtime.dll
 0000:00000000       .debug$S                   0000000180000000     sf_runtime:sf_runtime.dll
 0000:00000000       .debug$S                   0000000180000000     sf_runtime:sf_runtime.dll
 0000:00000000       .debug$S                   0000000180000000     sf_runtime:sf_runtime.dll
 0000:00000000       .debug$S                   0000000180000000     sf_runtime:sf_runtime.dll
 0002:fff62000       __guard_fids_?dllmain_dispatch@@YAHQEAUHINSTANCE__@@KQEAX@Z 0000000180000000     MSVCRT:dll_dllmain.obj
 0000:00000000       .debug$S                   0000000180000000     sf_runtime:sf_runtime.dll
 0000:00000000       .debug$S                   0000000180000000     sf_runtime:sf_runtime.dll
 0000:00000000       .debug$S                   0000000180000000     sf_runtime:sf_runtime.dll
 0000:00000000       .debug$S                   0000000180000000     sf_runtime:sf_runtime.dll
 0000:00000000       .debug$S                   0000000180000000     sf_runtime:sf_runtime.dll
 0000:00000000       .debug$S                   0000000180000000     sf_runtime:sf_runtime.dll
 0000:00000000       .debug$S                   0000000180000000     sf_runtime:sf_runtime.dll
 0000:00000000       .debug$S                   0000000180000000     sf_runtime:sf_runtime.dll
 0000:00000000       .debug$S                   0000000180000000     sf_runtime:sf_runtime.dll
 0000:00000000       .debug$S                   0000000180000000     libmx:libmx.dll
 0000:00000000       .debug$S                   0000000180000000     libmx:libmx.dll
 0000:00000000       .debug$S                   0000000180000000     libmx:libmx.dll
 0000:00000000       .debug$S                   0000000180000000     libmx:libmx.dll
 0000:00000000       .debug$S                   0000000180000000     libmx:libmx.dll
 0000:00000000       .debug$S                   0000000180000000     libmx:libmx.dll
 0000:00000000       .debug$S                   0000000180000000     libmx:libmx.dll
 0000:00000000       .debug$S                   0000000180000000     libmx:libmx.dll
 0000:00000000       .debug$S                   0000000180000000     libmx:libmx.dll
 0000:00000000       .debug$S                   0000000180000000     libmx:libmx.dll
 0000:00000000       .debug$S                   0000000180000000     libmx:libmx.dll
 0000:00000000       .debug$S                   0000000180000000     libmx:libmx.dll
 0000:00000000       .debug$S                   0000000180000000     libmx:libmx.dll
 0000:00000000       .debug$S                   0000000180000000     libmx:libmx.dll
 0000:00000000       .debug$S                   0000000180000000     libmx:libmx.dll
 0000:00000000       .debug$S                   0000000180000000     libmx:libmx.dll
 0000:00000000       .debug$S                   0000000180000000     libmx:libmx.dll
 0000:00000000       .debug$S                   0000000180000000     libmx:libmx.dll
 0000:00000000       .debug$S                   0000000180000000     libmx:libmx.dll
 0000:00000000       .debug$S                   0000000180000000     libmx:libmx.dll
 0000:00000000       .debug$S                   0000000180000000     libmex:libmex.dll
 0000:00000000       .debug$S                   0000000180000000     libmex:libmex.dll
 0000:00000000       .debug$S                   0000000180000000     libmex:libmex.dll
 0000:00000000       .debug$S                   0000000180000000     libmex:libmex.dll
 0000:00000000       .debug$S                   0000000180000000     libmex:libmex.dll
 0000:00000000       .debug$S                   0000000180000000     libmex:libmex.dll
 0000:00000000       .debug$S                   0000000180000000     libmex:libmex.dll
 0000:00000000       .debug$S                   0000000180000000     libut:libut.dll
 0000:00000000       .debug$S                   0000000180000000     libut:libut.dll
[...]
 0004:0000054c       $pdata$c3_l_emlrt_marshallIn 00000001800b654c     c3_ver_601.obj
 0004:00000558       $pdata$c3_m_emlrt_marshallIn 00000001800b6558     c3_ver_601.obj
 0004:00000564       $pdata$c3_n_emlrt_marshallIn 00000001800b6564     c3_ver_601.obj
 0004:00000570       $pdata$c3_o_emlrt_marshallIn 00000001800b6570     c3_ver_601.obj
 0004:0000057c       $pdata$c3_p_emlrt_marshallIn 00000001800b657c     c3_ver_601.obj
 0004:00000588       $pdata$c3__u32_d_          00000001800b6588     c3_ver_601.obj
 0004:00000594       $pdata$init_simulink_io_address 00000001800b6594     c3_ver_601.obj
 0004:000005a0       $pdata$sf_c3_ver_601_get_post_codegen_info 00000001800b65a0     c3_ver_601.obj
 0004:000005ac       $pdata$sf_c3_ver_601_get_autoinheritance_info 00000001800b65ac     c3_ver_601.obj
 0004:000005b8       $pdata$sf_c3_ver_601_third_party_uses_info 00000001800b65b8     c3_ver_601.obj
 0004:000005c4       $pdata$sf_c3_ver_601_jit_fallback_info 00000001800b65c4     c3_ver_601.obj
 0004:000005d0       $pdata$sf_c3_ver_601_updateBuildInfo_args_info 00000001800b65d0     c3_ver_601.obj
 0004:000005dc       $pdata$sf_get_sim_state_info_c3_ver_601 00000001800b65dc     c3_ver_601.obj
 0004:000005e8       $pdata$sf_check_dwork_consistency 00000001800b65e8     c3_ver_601.obj
 0004:000005f4       $pdata$sf_opaque_initialize_c3_ver_601 00000001800b65f4     c3_ver_601.obj
 0004:00000600       $pdata$sf_opaque_enable_c3_ver_601 00000001800b6600     c3_ver_601.obj
 0004:0000060c       $pdata$sf_opaque_disable_c3_ver_601 00000001800b660c     c3_ver_601.obj
 0004:00000618       $pdata$sf_opaque_gateway_c3_ver_601 00000001800b6618     c3_ver_601.obj
 0004:00000624       $pdata$sf_opaque_ext_mode_exec_c3_ver_601 00000001800b6624     c3_ver_601.obj
 0004:00000630       $pdata$sf_opaque_get_sim_state_c3_ver_601 00000001800b6630     c3_ver_601.obj
 0004:0000063c       $pdata$sf_opaque_set_sim_state_c3_ver_601 00000001800b663c     c3_ver_601.obj
 0004:00000648       $pdata$sf_opaque_terminate_c3_ver_601 00000001800b6648     c3_ver_601.obj
 0004:00000654       $pdata$mdlProcessParameters_c3_ver_601 00000001800b6654     c3_ver_601.obj
 0004:00000660       $pdata$sf_c3_ver_601_get_testpoint_info 00000001800b6660     c3_ver_601.obj
 0004:0000066c       $pdata$sf_set_sfun_dwork_info 00000001800b666c     c3_ver_601.obj
 0004:00000678       $pdata$mdlSetWorkWidths_c3_ver_601 00000001800b6678     c3_ver_601.obj
 0004:00000684       $pdata$mdlRTW_c3_ver_601   00000001800b6684     c3_ver_601.obj
 0004:00000690       $pdata$mdlStart_c3_ver_601 00000001800b6690     c3_ver_601.obj
 0004:00000c54       $pdata$_vsnprintf_l        00000001800b6c54     ver_601_sfun_registry.obj
 0004:00000c60       $pdata$_vsprintf_l         00000001800b6c60     ver_601_sfun_registry.obj
 0004:00000c6c       $pdata$sprintf             00000001800b6c6c     ver_601_sfun_registry.obj
 0004:0000069c       $pdata$mexFunction         00000001800b669c     ver_601_sfun_registry.obj
 0004:000006a8       $pdata$_ssSetInputPortDirectFeedThroughFcn 00000001800b66a8     ver_601_sfun_registry.obj
 0004:000006b4       $pdata$_ssSetRWorkValueFcn 00000001800b66b4     ver_601_sfun_registry.obj
 0004:000006c0       $pdata$_ssGetRWorkValueFcn 00000001800b66c0     ver_601_sfun_registry.obj
 0004:000006cc       $pdata$_ssSetIWorkValueFcn 00000001800b66cc     ver_601_sfun_registry.obj
 0004:000006d8       $pdata$_ssGetIWorkValueFcn 00000001800b66d8     ver_601_sfun_registry.obj
 0004:000006e4       $pdata$_ssSetPWorkValueFcn 00000001800b66e4     ver_601_sfun_registry.obj
 0004:000006f0       $pdata$_ssGetPWorkValueFcn 00000001800b66f0     ver_601_sfun_registry.obj
 0004:000006fc       $pdata$_ssGetInputPortSignalFcn 00000001800b66fc     ver_601_sfun_registry.obj
 0004:00000708       $pdata$_ssGetInputPortBufferDstPortFcn 00000001800b6708     ver_601_sfun_registry.obj
 0004:00000714       $pdata$_ssGetInputPortSignalPtrsFcn 00000001800b6714     ver_601_sfun_registry.obj
 0004:00000720       $pdata$ssGetParameterTuningCompliance 00000001800b6720     ver_601_sfun_registry.obj
 0004:0000072c       $pdata$ssGetDTypeIdFromMxArray 00000001800b672c     ver_601_sfun_registry.obj
 0004:00000738       $pdata$ssWriteRTWMx2dMatParam 00000001800b6738     ver_601_sfun_registry.obj
 0004:00000744       $pdata$ssWriteRTWMxVectParam 00000001800b6744     ver_601_sfun_registry.obj
 0004:00000750       $pdata$ssWriteRTWParameters 00000001800b6750     ver_601_sfun_registry.obj
 0004:0000075c       $pdata$ssWriteRTWParamSettings 00000001800b675c     ver_601_sfun_registry.obj
 0004:00000768       $pdata$ssWriteRTWStr       00000001800b6768     ver_601_sfun_registry.obj
 0004:00000774       $pdata$ssWriteRTWWorkVect  00000001800b6774     ver_601_sfun_registry.obj
 0004:00000780       $pdata$ssWarning           00000001800b6780     ver_601_sfun_registry.obj
 0004:0000078c       $pdata$ssWriteRTWNameValuePair 00000001800b678c     ver_601_sfun_registry.obj
 0004:00000798       $pdata$_ssSetInputPortMatrixDimensions 00000001800b6798     ver_601_sfun_registry.obj
 0004:000007a4       $pdata$_ssSetOutputPortMatrixDimensions 00000001800b67a4     ver_601_sfun_registry.obj
 0004:000007b0       $pdata$_ssSetInputPortVectorDimension 00000001800b67b0     ver_601_sfun_registry.obj
 0004:000007bc       $pdata$_ssSetOutputPortVectorDimension 00000001800b67bc     ver_601_sfun_registry.obj
 0004:000007c8       $pdata$ssIsRunTimeParamTunable 00000001800b67c8     ver_601_sfun_registry.obj
 0004:000007d4       $pdata$ssGetSFuncBlockHandle 00000001800b67d4     ver_601_sfun_registry.obj
 0004:000007e0       $pdata$_ssGetCurrentInputPortWidth 00000001800b67e0     ver_601_sfun_registry.obj
 0004:000007ec       $pdata$_ssGetCurrentOutputPortWidth 00000001800b67ec     ver_601_sfun_registry.obj
 0004:000007f8       $pdata$_ssGetCallSystemNumFcnCallDestinations 00000001800b67f8     ver_601_sfun_registry.obj
 0004:00000804       $pdata$ssGetIsZeroCrossControlDisabled 00000001800b6804     ver_601_sfun_registry.obj
 0004:00000810       $pdata$ssSetIsInputPortUsedForContZcSignal 00000001800b6810     ver_601_sfun_registry.obj
 0004:0000081c       $pdata$ssSetZcSignalIsZcElementDisc 00000001800b681c     ver_601_sfun_registry.obj
 0004:00000828       $pdata$ssSetZcSignalName   00000001800b6828     ver_601_sfun_registry.obj
 0004:00000834       $pdata$ssSetZcSignalWidth  00000001800b6834     ver_601_sfun_registry.obj
 0004:00000840       $pdata$ssSetZcSignalZcEventType 00000001800b6840     ver_601_sfun_registry.obj
 0004:0000084c       $pdata$ssSetZcSignalType   00000001800b684c     ver_601_sfun_registry.obj
 0004:00000858       $pdata$ssSetZcSignalZcTol  00000001800b6858     ver_601_sfun_registry.obj
 0004:00000864       $pdata$ssSetZcSignalNeedsEventNotification 00000001800b6864     ver_601_sfun_registry.obj
 0004:00000870       $pdata$ssCreateAndAddZcSignalInfo 00000001800b6870     ver_601_sfun_registry.obj
 0004:0000087c       $pdata$ssCloneAndAddZcSignalInfo 00000001800b687c     ver_601_sfun_registry.obj
 0004:00000888       $pdata$ssGetNumZcSignals   00000001800b6888     ver_601_sfun_registry.obj
 0004:00000894       $pdata$ssGetZcSignalVector 00000001800b6894     ver_601_sfun_registry.obj
 0004:000008a0       $pdata$ssGetZcSignalName   00000001800b68a0     ver_601_sfun_registry.obj
 0004:000008ac       $pdata$ssGetZcSignalWidth  00000001800b68ac     ver_601_sfun_registry.obj
 0004:000008b8       $pdata$ssGetZcSignalZcEventType 00000001800b68b8     ver_601_sfun_registry.obj
 0004:000008c4       $pdata$ssGetZcSignalZcEvents 00000001800b68c4     ver_601_sfun_registry.obj
 0004:000008d0       $pdata$ssGetZcSignalType   00000001800b68d0     ver_601_sfun_registry.obj
 0004:000008dc       $pdata$ssGetZcSignalZcTol  00000001800b68dc     ver_601_sfun_registry.obj
 0004:000008e8       $pdata$ssGetZcSignalNeedsEventNotification 00000001800b68e8     ver_601_sfun_registry.obj
 0004:000008f4       $pdata$ssGetZcSignalIsZcElementDisc 00000001800b68f4     ver_601_sfun_registry.obj
 0004:00000900       $pdata$ssGetIsInputPortElementContinuous 00000001800b6900     ver_601_sfun_registry.obj
 0004:0000090c       $pdata$_ssGetAbsTol        00000001800b690c     ver_601_sfun_registry.obj
 0004:00000918       $pdata$_ssSetInputPortReusableFcn 00000001800b6918     ver_601_sfun_registry.obj
 0004:00000924       $pdata$_ssSetOutputPortReusableFcn 00000001800b6924     ver_601_sfun_registry.obj
 0004:00000930       $pdata$_ssSetSymbolicDimsSupport 00000001800b6930     ver_601_sfun_registry.obj
 0004:0000093c       $pdata$_ssRegisterSymbolicDimsExpr 00000001800b693c     ver_601_sfun_registry.obj
 0004:00000948       $pdata$_ssRegisterSymbolicDims 00000001800b6948     ver_601_sfun_registry.obj
 0004:00000954       $pdata$_ssRegisterSymbolicDimsString 00000001800b6954     ver_601_sfun_registry.obj
 0004:00000960       $pdata$_ssRegisterSymbolicDimsIntValue 00000001800b6960     ver_601_sfun_registry.obj
 0004:0000096c       $pdata$_ssRegisterSymbolicDimsPlus 00000001800b696c     ver_601_sfun_registry.obj
 0004:00000978       $pdata$_ssRegisterSymbolicDimsMinus 00000001800b6978     ver_601_sfun_registry.obj
 0004:00000984       $pdata$_ssRegisterSymbolicDimsMultiply 00000001800b6984     ver_601_sfun_registry.obj
 0004:00000990       $pdata$_ssRegisterSymbolicDimsDivide 00000001800b6990     ver_601_sfun_registry.obj
 0004:0000099c       $pdata$_ssGetNumSymbolicDims 00000001800b699c     ver_601_sfun_registry.obj
 0004:000009a8       $pdata$_ssGetSymbolicDim   00000001800b69a8     ver_601_sfun_registry.obj
 0004:000009b4       $pdata$_ssSetInputPortSymbolicDimsId 00000001800b69b4     ver_601_sfun_registry.obj
 0004:000009c0       $pdata$_ssGetCompInputPortSymbolicDimsId 00000001800b69c0     ver_601_sfun_registry.obj
 0004:000009cc       $pdata$_ssSetCompInputPortSymbolicDimsId 00000001800b69cc     ver_601_sfun_registry.obj
 0004:000009d8       $pdata$_ssSetOutputPortSymbolicDimsId 00000001800b69d8     ver_601_sfun_registry.obj
 0004:000009e4       $pdata$_ssGetCompOutputPortSymbolicDimsId 00000001800b69e4     ver_601_sfun_registry.obj
 0004:000009f0       $pdata$_ssSetCompOutputPortSymbolicDimsId 00000001800b69f0     ver_601_sfun_registry.obj
 0004:000009fc       $pdata$_ssSetCompDWorkSymbolicDimsId 00000001800b69fc     ver_601_sfun_registry.obj
 0004:00000a08       $pdata$sf_process_check_sum_call 00000001800b6a08     ver_601_sfun_registry.obj
 0004:00000a14       $pdata$sf_process_testpoint_info_call 00000001800b6a14     ver_601_sfun_registry.obj
 0004:00000a20       $pdata$sf_process_autoinheritance_call 00000001800b6a20     ver_601_sfun_registry.obj
 0004:00000a2c       $pdata$sf_process_get_third_party_uses_info_call 00000001800b6a2c     ver_601_sfun_registry.obj
 0004:00000a38       $pdata$sf_process_get_jit_fallback_info_call 00000001800b6a38     ver_601_sfun_registry.obj
 0004:00000a44       $pdata$sf_process_get_updateBuildInfo_args_info_call 00000001800b6a44     ver_601_sfun_registry.obj
 0004:00000a50       $pdata$sf_process_get_eml_resolved_functions_info_call 00000001800b6a50     ver_601_sfun_registry.obj
 0004:00000a5c       $pdata$sf_mex_unlock_call  00000001800b6a5c     ver_601_sfun_registry.obj
 0004:00000a68       $pdata$sf_debug_api_wrapper 00000001800b6a68     ver_601_sfun_registry.obj
 0004:00000a74       $pdata$ProcessMexSfunctionCmdLineCall 00000001800b6a74     ver_601_sfun_registry.obj
 0004:00000a80       $pdata$sf_machine_global_initializer_called 00000001800b6a80     ver_601_sfun_registry.obj
 0004:00000a8c       $pdata$sf_machine_global_method_dispatcher 00000001800b6a8c     ver_601_sfun_registry.obj
 0004:00000a98       $pdata$sf_machine_global_terminator 00000001800b6a98     ver_601_sfun_registry.obj
 0004:00000aa4       $pdata$sf_register_machine_exported_symbols 00000001800b6aa4     ver_601_sfun_registry.obj
 0004:00000ab0       $pdata$sf_machine_global_initializer 00000001800b6ab0     ver_601_sfun_registry.obj
 0004:00000abc       $pdata$mdlGetSimState      00000001800b6abc     ver_601_sfun_registry.obj
 0004:00000ac8       $pdata$mdlSetSimState      00000001800b6ac8     ver_601_sfun_registry.obj
 0004:00000ad4       $pdata$mdlSetWorkWidths    00000001800b6ad4     ver_601_sfun_registry.obj
 0004:00000ae0       $pdata$mdlProcessParameters 00000001800b6ae0     ver_601_sfun_registry.obj
 0004:00000aec       $pdata$mdl_start_processing 00000001800b6aec     ver_601_sfun_registry.obj
 0004:00000af8       $pdata$mdl_terminate_processing 00000001800b6af8     ver_601_sfun_registry.obj
 0004:00000b04       $pdata$mdlStart            00000001800b6b04     ver_601_sfun_registry.obj
 0004:00000b10       $pdata$mdlTerminate        00000001800b6b10     ver_601_sfun_registry.obj
 0004:00000b1c       $pdata$mdlInitializeSizes  00000001800b6b1c     ver_601_sfun_registry.obj
 0004:00000b28       $pdata$mdlInitializeSampleTimes 00000001800b6b28     ver_601_sfun_registry.obj
 0004:00000b34       $pdata$mdl_outputs_continuous_legacy 00000001800b6b34     ver_601_sfun_registry.obj
 0004:00000b40       $pdata$mdl_outputs_processing 00000001800b6b40     ver_601_sfun_registry.obj
 0004:00000b4c       $pdata$mdl_zeroCrossings_processing 00000001800b6b4c     ver_601_sfun_registry.obj
 0004:00000b58       $pdata$mdlZeroCrossings    00000001800b6b58     ver_601_sfun_registry.obj
 0004:00000b64       $pdata$mdl_derivatives_processing 00000001800b6b64     ver_601_sfun_registry.obj
 0004:00000b70       $pdata$mdlDerivatives      00000001800b6b70     ver_601_sfun_registry.obj
 0004:00000b7c       $pdata$mdl_initialize_conditions_processing 00000001800b6b7c     ver_601_sfun_registry.obj
 0004:00000b88       $pdata$mdlInitializeConditions 00000001800b6b88     ver_601_sfun_registry.obj
 0004:00000b94       $pdata$mdl_ext_mode_exec_processing 00000001800b6b94     ver_601_sfun_registry.obj
 0004:00000ba0       $pdata$mdlExtModeExec      00000001800b6ba0     ver_601_sfun_registry.obj
 0004:00000bac       $pdata$mdlRTW              00000001800b6bac     ver_601_sfun_registry.obj
 0004:00000bb8       $pdata$mdl_enable_processing 00000001800b6bb8     ver_601_sfun_registry.obj
 0004:00000bc4       $pdata$mdlEnable           00000001800b6bc4     ver_601_sfun_registry.obj
 0004:00000bd0       $pdata$mdl_disable_processing 00000001800b6bd0     ver_601_sfun_registry.obj
 0004:00000bdc       $pdata$mdlDisable          00000001800b6bdc     ver_601_sfun_registry.obj
 0004:00000be8       $pdata$mdlOutputs          00000001800b6be8     ver_601_sfun_registry.obj
 0004:00000bf4       $pdata$mdl_update_processing 00000001800b6bf4     ver_601_sfun_registry.obj
 0004:00000c00       $pdata$mdlUpdate           00000001800b6c00     ver_601_sfun_registry.obj
 0004:00000c0c       $pdata$ProcessMexSfunctionEveryCall 00000001800b6c0c     ver_601_sfun_registry.obj
 0004:00000c18       $pdata$_RegNumInputPortsCB 00000001800b6c18     ver_601_sfun_registry.obj
 0004:00000c24       $pdata$_RegNumOutputPortsCB 00000001800b6c24     ver_601_sfun_registry.obj
 0004:00000c30       $pdata$_CreateSimStruct    00000001800b6c30     ver_601_sfun_registry.obj
 0004:00000c3c       $pdata$_ProcessMexSfunctionCmdLineCall 00000001800b6c3c     ver_601_sfun_registry.obj
 0004:00000c48       $pdata$ReportIndexOutOfBoundsError 00000001800b6c48     ver_601_sfun_registry.obj
 0004:00000c9c       $pdata$__report_securityfailure 00000001800b6c9c     MSVCRT:gs_report.obj
 0004:00000ca8       $pdata$__report_securityfailureEx 00000001800b6ca8     MSVCRT:gs_report.obj
 0004:00000c90       $pdata$__report_rangecheckfailure 00000001800b6c90     MSVCRT:gs_report.obj
 0004:00000c84       $pdata$__report_gsfailure  00000001800b6c84     MSVCRT:gs_report.obj
 0004:00000cb4       $pdata$capture_current_context 00000001800b6cb4     MSVCRT:gs_report.obj
 0004:00000cc0       $pdata$capture_previous_context 00000001800b6cc0     MSVCRT:gs_report.obj
 0004:00000c78       $pdata$__raise_securityfailure 00000001800b6c78     MSVCRT:gs_report.obj
 0004:00000cd8       $pdata$__GSHandlerCheckCommon 00000001800b6cd8     MSVCRT:_gshandler_.obj
 0004:00000ccc       $pdata$__GSHandlerCheck    00000001800b6ccc     MSVCRT:_gshandler_.obj
 0004:00000d08       $pdata$?dllmain_crt_process_attach@@YAHQEAUHINSTANCE__@@QEAX@Z 00000001800b6d08     MSVCRT:dll_dllmain.obj
 0004:00000ec4       $pdata$?fin$0@?0??dllmain_crt_process_attach@@YAHQEAUHINSTANCE__@@QEAX@Z@4HA 00000001800b6ec4     MSVCRT:dll_dllmain.obj
 0004:00000d14       $pdata$?dllmain_crt_process_detach@@YAH_N@Z 00000001800b6d14     MSVCRT:dll_dllmain.obj
 0004:00000ed0       $pdata$?fin$0@?0??dllmain_crt_process_detach@@YAH_N@Z@4HA 00000001800b6ed0     MSVCRT:dll_dllmain.obj
 0004:00000cfc       $pdata$?dllmain_crt_dispatch@@YAHQEAUHINSTANCE__@@KQEAX@Z 00000001800b6cfc     MSVCRT:dll_dllmain.obj
 0004:00000d2c       $pdata$?dllmain_raw@@YAHQEAUHINSTANCE__@@KQEAX@Z 00000001800b6d2c     MSVCRT:dll_dllmain.obj
 0004:00000d20       $pdata$?dllmain_dispatch@@YAHQEAUHINSTANCE__@@KQEAX@Z 00000001800b6d20     MSVCRT:dll_dllmain.obj
 0004:00000edc       $pdata$?filt$0@?0??dllmain_dispatch@@YAHQEAUHINSTANCE__@@KQEAX@Z@4HA 00000001800b6edc     MSVCRT:dll_dllmain.obj
 0004:00000d38       $pdata$_DllMainCRTStartup  00000001800b6d38     MSVCRT:dll_dllmain.obj
 0004:00000d50       $pdata$__security_init_cookie 00000001800b6d50     MSVCRT:gs_support.obj
 0004:00000d44       $pdata$__get_entropy       00000001800b6d44     MSVCRT:gs_support.obj
 0004:00000d5c       $pdata$DllMain             00000001800b6d5c     MSVCRT:dll_dllmain_stub.obj
 0004:00000d68       $pdata$__scrt_initialize_default_local_stdio_options 00000001800b6d68     MSVCRT:default_local_stdio_options.obj
 0004:00000e28       $pdata$atexit              00000001800b6e28     MSVCRT:utility.obj
 0004:00000e1c       $pdata$_onexit             00000001800b6e1c     MSVCRT:utility.obj
 0004:00000df8       $pdata$__scrt_is_nonwritable_in_current_image 00000001800b6df8     MSVCRT:utility.obj
 0004:00000ee8       $pdata$__scrt_is_nonwritable_in_current_image$filt$0 00000001800b6ee8     MSVCRT:utility.obj
 0004:00000d80       $pdata$__scrt_acquire_startup_lock 00000001800b6d80     MSVCRT:utility.obj
 0004:00000e04       $pdata$__scrt_release_startup_lock 00000001800b6e04     MSVCRT:utility.obj
 0004:00000de0       $pdata$__scrt_initialize_crt 00000001800b6de0     MSVCRT:utility.obj
 0004:00000e10       $pdata$__scrt_uninitialize_crt 00000001800b6e10     MSVCRT:utility.obj
 0004:00000dec       $pdata$__scrt_initialize_onexit_tables 00000001800b6dec     MSVCRT:utility.obj
 0004:00000dbc       $pdata$__scrt_dllmain_exception_filter 00000001800b6dbc     MSVCRT:utility.obj
 0004:00000d98       $pdata$__scrt_dllmain_before_initialize_c 00000001800b6d98     MSVCRT:utility.obj
 0004:00000d8c       $pdata$__scrt_dllmain_after_initialize_c 00000001800b6d8c     MSVCRT:utility.obj
 0004:00000dc8       $pdata$__scrt_dllmain_uninitialize_c 00000001800b6dc8     MSVCRT:utility.obj
 0004:00000dd4       $pdata$__scrt_dllmain_uninitialize_critical 00000001800b6dd4     MSVCRT:utility.obj
 0004:00000da4       $pdata$__scrt_dllmain_crt_thread_attach 00000001800b6da4     MSVCRT:utility.obj
 0004:00000db0       $pdata$__scrt_dllmain_crt_thread_detach 00000001800b6db0     MSVCRT:utility.obj
 0004:00000d74       $pdata$?configure_argv@__scrt_narrow_argv_policy@@SAHXZ 00000001800b6d74     MSVCRT:utility.obj
 0004:00000e40       $pdata$__scrt_get_show_window_mode 00000001800b6e40     MSVCRT:utility_desktop.obj
 0004:00000e4c       $pdata$__scrt_is_managed_app 00000001800b6e4c     MSVCRT:utility_desktop.obj
 0004:00000e34       $pdata$__scrt_fastfail     00000001800b6e34     MSVCRT:utility_desktop.obj
 0004:00000e58       $pdata$__scrt_unhandled_exception_filter 00000001800b6e58     MSVCRT:utility_desktop.obj
 0004:00000e64       $pdata$_RTC_Initialize     00000001800b6e64     MSVCRT:_initsect_.obj
 0004:00000e70       $pdata$_RTC_Terminate      00000001800b6e70     MSVCRT:_initsect_.obj
 0004:00000e7c       $pdata$__isa_available_init 00000001800b6e7c     MSVCRT:_cpu_disp_.obj
